This is pdfTeX, Version 3.141592653-2.6-1.40.29 (TeX Live 2026) (preloaded format=pdflatex 2026.6.22)  15 JUL 2026 15:03
entering extended mode
 restricted \write18 enabled.
 %&-line parsing enabled.
**boamp_m0_technical_report.tex
(./boamp_m0_technical_report.tex
LaTeX2e <2026-06-01>
L3 programming layer <2026-06-18>
(/home/senghakrou/.TinyTeX/texmf-dist/tex/latex/base/article.cls
Document Class: article 2025/01/22 v1.4n Standard LaTeX document class
(/home/senghakrou/.TinyTeX/texmf-dist/tex/latex/base/size11.clo
File: size11.clo 2025/01/22 v1.4n Standard LaTeX file (size option)
)
\c@part=\count276
\c@section=\count277
\c@subsection=\count278
\c@subsubsection=\count279
\c@paragraph=\count280
\c@subparagraph=\count281
\c@figure=\count282
\c@table=\count283
\abovecaptionskip=\skip49
\belowcaptionskip=\skip50
\bibindent=\dimen150
) (/home/senghakrou/.TinyTeX/texmf-dist/tex/latex/geometry/geometry.sty
Package: geometry 2026/03/07 v6.0 Page Geometry
 (/home/senghakrou/.TinyTeX/texmf-dist/tex/latex/graphics/keyval.sty
Package: keyval 2026-05-17 v1.15 key=value parser (DPC)
\KV@toks@=\toks17
) (/home/senghakrou/.TinyTeX/texmf-dist/tex/generic/iftex/ifvtex.sty
Package: ifvtex 2019/10/25 v1.7 ifvtex legacy package. Use iftex instead.
 (/home/senghakrou/.TinyTeX/texmf-dist/tex/generic/iftex/iftex.sty
Package: iftex 2024/12/12 v1.0g TeX engine tests
))
\Gm@cnth=\count284
\Gm@cntv=\count285
\c@Gm@tempcnt=\count286
\Gm@bindingoffset=\dimen151
\Gm@wd@mp=\dimen152
\Gm@odd@mp=\dimen153
\Gm@even@mp=\dimen154
\Gm@layoutwidth=\dimen155
\Gm@layoutheight=\dimen156
\Gm@layouthoffset=\dimen157
\Gm@layoutvoffset=\dimen158
\Gm@dimlist=\toks18
) (/home/senghakrou/.TinyTeX/texmf-dist/tex/latex/amsmath/amsmath.sty
Package: amsmath 2026/05/19 v2.18d AMS math features
\@mathmargin=\skip51

For additional information on amsmath, use the `?' option.
(/home/senghakrou/.TinyTeX/texmf-dist/tex/latex/amsmath/amstext.sty
Package: amstext 2024/11/17 v2.01 AMS text
 (/home/senghakrou/.TinyTeX/texmf-dist/tex/latex/amsmath/amsgen.sty
File: amsgen.sty 1999/11/30 v2.0 generic functions
\@emptytoks=\toks19
\ex@=\dimen159
)) (/home/senghakrou/.TinyTeX/texmf-dist/tex/latex/amsmath/amsbsy.sty
Package: amsbsy 1999/11/29 v1.2d Bold Symbols
\pmbraise@=\dimen160
) (/home/senghakrou/.TinyTeX/texmf-dist/tex/latex/amsmath/amsopn.sty
Package: amsopn 2022/04/08 v2.04 operator names
)
\inf@bad=\count287
LaTeX Info: Redefining \frac on input line 233.
\uproot@=\count288
\leftroot@=\count289
LaTeX Info: Redefining \overline on input line 398.
LaTeX Info: Redefining \colon on input line 409.
\classnum@=\count290
\DOTSCASE@=\count291
LaTeX Info: Redefining \ldots on input line 495.
LaTeX Info: Redefining \dots on input line 498.
LaTeX Info: Redefining \cdots on input line 619.
\Mathstrutbox@=\box53
\strutbox@=\box54
LaTeX Info: Redefining \big on input line 721.
LaTeX Info: Redefining \Big on input line 722.
LaTeX Info: Redefining \bigg on input line 723.
LaTeX Info: Redefining \Bigg on input line 724.
\big@size=\dimen161
LaTeX Font Info:    Redeclaring font encoding OML on input line 742.
LaTeX Font Info:    Redeclaring font encoding OMS on input line 743.
\macc@depth=\count292
LaTeX Info: Redefining \bmod on input line 904.
LaTeX Info: Redefining \pmod on input line 909.
LaTeX Info: Redefining \smash on input line 939.
LaTeX Info: Redefining \relbar on input line 969.
LaTeX Info: Redefining \Relbar on input line 970.
\c@MaxMatrixCols=\count293
\dotsspace@=\muskip17
\c@parentequation=\count294
\dspbrk@lvl=\count295
\tag@help=\toks20
\row@=\count296
\column@=\count297
\maxfields@=\count298
\andhelp@=\toks21
\eqnshift@=\dimen162
\alignsep@=\dimen163
\tagshift@=\dimen164
\tagwidth@=\dimen165
\totwidth@=\dimen166
\lineht@=\dimen167
\@envbody=\toks22
\multlinegap=\skip52
\multlinetaggap=\skip53
\mathdisplay@stack=\toks23
LaTeX Info: Redefining \[ on input line 2965.
LaTeX Info: Redefining \] on input line 2966.
) (/home/senghakrou/.TinyTeX/texmf-dist/tex/latex/amsfonts/amssymb.sty
Package: amssymb 2013/01/14 v3.01 AMS font symbols
 (/home/senghakrou/.TinyTeX/texmf-dist/tex/latex/amsfonts/amsfonts.sty
Package: amsfonts 2013/01/14 v3.01 Basic AMSFonts support
\symAMSa=\mathgroup4
\symAMSb=\mathgroup5
LaTeX Font Info:    Redeclaring math symbol \hbar on input line 98.
LaTeX Font Info:    Overwriting math alphabet `\mathfrak' in version `bold'
(Font)                  U/euf/m/n --> U/euf/b/n on input line 106.
)) (/home/senghakrou/.TinyTeX/texmf-dist/tex/latex/graphics/graphicx.sty
Package: graphicx 2026-05-17 v1.2e Enhanced LaTeX Graphics (DPC,SPQR)
 (/home/senghakrou/.TinyTeX/texmf-dist/tex/latex/graphics/graphics.sty
Package: graphics 2026-05-17 v1.4h Standard LaTeX Graphics (DPC,SPQR)
 (/home/senghakrou/.TinyTeX/texmf-dist/tex/latex/graphics/trig.sty
Package: trig 2023/12/02 v1.11 sin cos tan (DPC)
) (/home/senghakrou/.TinyTeX/texmf-dist/tex/latex/graphics-cfg/graphics.cfg
File: graphics.cfg 2016/06/04 v1.11 sample graphics configuration
)
Package graphics Info: Driver file: pdftex.def on input line 106.
 (/home/senghakrou/.TinyTeX/texmf-dist/tex/latex/graphics-def/pdftex.def
File: pdftex.def 2025/09/29 v1.2d Graphics/color driver for pdftex
))
\Gin@req@height=\dimen168
\Gin@req@width=\dimen169
) (/home/senghakrou/.TinyTeX/texmf-dist/tex/latex/booktabs/booktabs.sty
Package: booktabs 2020/01/12 v1.61803398 Publication quality tables
\heavyrulewidth=\dimen170
\lightrulewidth=\dimen171
\cmidrulewidth=\dimen172
\belowrulesep=\dimen173
\belowbottomsep=\dimen174
\aboverulesep=\dimen175
\abovetopsep=\dimen176
\cmidrulesep=\dimen177
\cmidrulekern=\dimen178
\defaultaddspace=\dimen179
\@cmidla=\count299
\@cmidlb=\count300
\@aboverulesep=\dimen180
\@belowrulesep=\dimen181
\@thisruleclass=\count301
\@lastruleclass=\count302
\@thisrulewidth=\dimen182
) (/home/senghakrou/.TinyTeX/texmf-dist/tex/latex/tools/longtable.sty
Package: longtable 2026-01-28 v4.27 Multi-page Table package (DPC)
\LTleft=\skip54
\LTright=\skip55
\LTpre=\skip56
\LTpost=\skip57
\LTchunksize=\count303
\LTcapwidth=\dimen183
\LT@head=\box55
\LT@firsthead=\box56
\LT@foot=\box57
\LT@lastfoot=\box58
\LT@gbox=\box59
\LT@cols=\count304
\LT@rows=\count305
\c@LT@tables=\count306
\c@LT@chunks=\count307
\LT@p@ftn=\toks24
) (/home/senghakrou/.TinyTeX/texmf-dist/tex/latex/tools/array.sty
Package: array 2026/02/24 v2.7b Tabular extension package (FMi)
\col@sep=\dimen184
\ar@mcellbox=\box60
\extrarowheight=\dimen185
\NC@list=\toks25
\extratabsurround=\skip58
\backup@length=\skip59
\ar@cellbox=\box61
) (/home/senghakrou/.TinyTeX/texmf-dist/tex/latex/hyperref/hyperref.sty
Package: hyperref 2026-06-17 v7.01r Hypertext links for LaTeX
 (/home/senghakrou/.TinyTeX/texmf-dist/tex/latex/kvsetkeys/kvsetkeys.sty
Package: kvsetkeys 2022-10-05 v1.19 Key value parser (HO)
) (/home/senghakrou/.TinyTeX/texmf-dist/tex/generic/kvdefinekeys/kvdefinekeys.sty
Package: kvdefinekeys 2019-12-19 v1.6 Define keys (HO)
) (/home/senghakrou/.TinyTeX/texmf-dist/tex/generic/pdfescape/pdfescape.sty
Package: pdfescape 2019/12/09 v1.15 Implements pdfTeX's escape features (HO)
 (/home/senghakrou/.TinyTeX/texmf-dist/tex/generic/ltxcmds/ltxcmds.sty
Package: ltxcmds 2023-12-04 v1.26 LaTeX kernel commands for general use (HO)
) (/home/senghakrou/.TinyTeX/texmf-dist/tex/generic/pdftexcmds/pdftexcmds.sty
Package: pdftexcmds 2020-06-27 v0.33 Utility functions of pdfTeX for LuaTeX (HO)
 (/home/senghakrou/.TinyTeX/texmf-dist/tex/generic/infwarerr/infwarerr.sty
Package: infwarerr 2019/12/03 v1.5 Providing info/warning/error messages (HO)
)
Package pdftexcmds Info: \pdf@primitive is available.
Package pdftexcmds Info: \pdf@ifprimitive is available.
Package pdftexcmds Info: \pdfdraftmode found.
)) (/home/senghakrou/.TinyTeX/texmf-dist/tex/latex/hycolor/hycolor.sty
Package: hycolor 2020-01-27 v1.10 Color options for hyperref/bookmark (HO)
) (/home/senghakrou/.TinyTeX/texmf-dist/tex/latex/hyperref/nameref.sty
Package: nameref 2026-01-29 v2.58 Cross-referencing by name of section
 (/home/senghakrou/.TinyTeX/texmf-dist/tex/latex/refcount/refcount.sty
Package: refcount 2019/12/15 v3.6 Data extraction from label references (HO)
) (/home/senghakrou/.TinyTeX/texmf-dist/tex/generic/gettitlestring/gettitlestring.sty
Package: gettitlestring 2019/12/15 v1.6 Cleanup title references (HO)
 (/home/senghakrou/.TinyTeX/texmf-dist/tex/latex/kvoptions/kvoptions.sty
Package: kvoptions 2022-06-15 v3.15 Key value format for package options (HO)
))
\c@section@level=\count308
) (/home/senghakrou/.TinyTeX/texmf-dist/tex/latex/etoolbox/etoolbox.sty
Package: etoolbox 2025/10/02 v2.5m e-TeX tools for LaTeX (JAW)
\etb@tempcnta=\count309
) (/home/senghakrou/.TinyTeX/texmf-dist/tex/generic/stringenc/stringenc.sty
Package: stringenc 2019/11/29 v1.12 Convert strings between diff. encodings (HO)
)
\@linkdim=\dimen186
\Hy@linkcounter=\count310
\Hy@pagecounter=\count311
 (/home/senghakrou/.TinyTeX/texmf-dist/tex/latex/hyperref/pd1enc.def
File: pd1enc.def 2026-06-17 v7.01r Hyperref: PDFDocEncoding definition (HO)
Now handling font encoding PD1 ...
... no UTF-8 mapping file for font encoding PD1
) (/home/senghakrou/.TinyTeX/texmf-dist/tex/generic/intcalc/intcalc.sty
Package: intcalc 2019/12/15 v1.3 Expandable calculations with integers (HO)
)
\Hy@SavedSpaceFactor=\count312
 (/home/senghakrou/.TinyTeX/texmf-dist/tex/latex/hyperref/puenc.def
File: puenc.def 2026-06-17 v7.01r Hyperref: PDF Unicode definition (HO)
Now handling font encoding PU ...
... no UTF-8 mapping file for font encoding PU
)
Package hyperref Info: Hyper figures OFF on input line 4199.
Package hyperref Info: Link nesting OFF on input line 4204.
Package hyperref Info: Hyper index ON on input line 4207.
Package hyperref Info: Plain pages OFF on input line 4214.
Package hyperref Info: Backreferencing OFF on input line 4219.
Package hyperref Info: Implicit mode ON; LaTeX internals redefined.
Package hyperref Info: Bookmarks ON on input line 4466.
\c@Hy@tempcnt=\count313
 (/home/senghakrou/.TinyTeX/texmf-dist/tex/latex/url/url.sty
\Urlmuskip=\muskip18
Package: url 2013/09/16  ver 3.4  Verb mode for urls, etc.
)
LaTeX Info: Redefining \url on input line 4805.
\XeTeXLinkMargin=\dimen187
 (/home/senghakrou/.TinyTeX/texmf-dist/tex/generic/bitset/bitset.sty
Package: bitset 2019/12/09 v1.3 Handle bit-vector datatype (HO)
 (/home/senghakrou/.TinyTeX/texmf-dist/tex/generic/bigintcalc/bigintcalc.sty
Package: bigintcalc 2019/12/15 v1.5 Expandable calculations on big integers (HO)
))
\Fld@menulength=\count314
\Field@Width=\dimen188
\Fld@charsize=\dimen189
Package hyperref Info: Hyper figures OFF on input line 6091.
Package hyperref Info: Link nesting OFF on input line 6096.
Package hyperref Info: Hyper index ON on input line 6099.
Package hyperref Info: backreferencing OFF on input line 6106.
Package hyperref Info: Link coloring OFF on input line 6111.
Package hyperref Info: Link coloring with OCG OFF on input line 6116.
Package hyperref Info: PDF/A mode OFF on input line 6121.
\Hy@abspage=\count315
\c@Item=\count316
\c@Hfootnote=\count317
)
Package hyperref Info: Driver (autodetected): hpdftex.
 (/home/senghakrou/.TinyTeX/texmf-dist/tex/latex/hyperref/hpdftex.def
File: hpdftex.def 2026-06-17 v7.01r Hyperref driver for pdfTeX
\Fld@listcount=\count318
\c@bookmark@seq@number=\count319
 (/home/senghakrou/.TinyTeX/texmf-dist/tex/latex/rerunfilecheck/rerunfilecheck.sty
Package: rerunfilecheck 2025-06-21 v1.11 Rerun checks for auxiliary files (HO)
 (/home/senghakrou/.TinyTeX/texmf-dist/tex/generic/uniquecounter/uniquecounter.sty
Package: uniquecounter 2019/12/15 v1.4 Provide unlimited unique counter (HO)
)
Package uniquecounter Info: New unique counter `rerunfilecheck' on input line 284.
)
\Hy@SectionHShift=\skip60
) (/home/senghakrou/.TinyTeX/texmf-dist/tex/latex/enumitem/enumitem.sty
Package: enumitem 2025/02/06 v3.11 Customized lists
\labelindent=\skip61
\enit@outerparindent=\dimen190
\enit@toks=\toks26
\enit@inbox=\box62
\enit@count@id=\count320
\enitdp@description=\count321
) (/home/senghakrou/.TinyTeX/texmf-dist/tex/latex/xcolor/xcolor.sty
Package: xcolor 2024/09/29 v3.02 LaTeX color extensions (UK)
 (/home/senghakrou/.TinyTeX/texmf-dist/tex/latex/graphics-cfg/color.cfg
File: color.cfg 2016/01/02 v1.6 sample color configuration
)
Package xcolor Info: Driver file: pdftex.def on input line 274.
 (/home/senghakrou/.TinyTeX/texmf-dist/tex/latex/graphics/mathcolor.ltx)
Package xcolor Info: Model `cmy' substituted by `cmy0' on input line 1349.
Package xcolor Info: Model `hsb' substituted by `rgb' on input line 1353.
Package xcolor Info: Model `RGB' extended on input line 1365.
Package xcolor Info: Model `HTML' substituted by `rgb' on input line 1367.
Package xcolor Info: Model `Hsb' substituted by `hsb' on input line 1368.
Package xcolor Info: Model `tHsb' substituted by `hsb' on input line 1369.
Package xcolor Info: Model `HSB' substituted by `hsb' on input line 1370.
Package xcolor Info: Model `Gray' substituted by `gray' on input line 1371.
Package xcolor Info: Model `wave' substituted by `hsb' on input line 1372.
) (/home/senghakrou/.TinyTeX/texmf-dist/tex/latex/caption/caption.sty
Package: caption 2023/08/05 v3.6o Customizing captions (AR)
 (/home/senghakrou/.TinyTeX/texmf-dist/tex/latex/caption/caption3.sty
Package: caption3 2023/07/31 v2.4d caption3 kernel (AR)
\caption@tempdima=\dimen191
\captionmargin=\dimen192
\caption@leftmargin=\dimen193
\caption@rightmargin=\dimen194
\caption@width=\dimen195
\caption@indent=\dimen196
\caption@parindent=\dimen197
\caption@hangindent=\dimen198
Package caption Info: Standard document class detected.
)
\c@caption@flags=\count322
\c@continuedfloat=\count323
Package caption Info: hyperref package is loaded.
Package caption Info: longtable package is loaded.
 (/home/senghakrou/.TinyTeX/texmf-dist/tex/latex/caption/ltcaption.sty
Package: ltcaption 2021/01/08 v1.4c longtable captions (AR)
)) (/home/senghakrou/.TinyTeX/texmf-dist/tex/latex/microtype/microtype.sty
Package: microtype 2026/03/01 v3.2d Micro-typographical refinements (RS)
\MT@toks=\toks27
\MT@tempbox=\box63
\MT@count=\count324
LaTeX Info: Redefining \noprotrusionifhmode on input line 1084.
LaTeX Info: Redefining \leftprotrusion on input line 1085.
\MT@prot@toks=\toks28
LaTeX Info: Redefining \rightprotrusion on input line 1104.
LaTeX Info: Redefining \textls on input line 1449.
\MT@outer@kern=\dimen199
LaTeX Info: Redefining \microtypecontext on input line 2053.
LaTeX Info: Redefining \textmicrotypecontext on input line 2070.
\MT@listname@count=\count325
 (/home/senghakrou/.TinyTeX/texmf-dist/tex/latex/microtype/microtype-pdftex.def
File: microtype-pdftex.def 2026/03/01 v3.2d Definitions specific to pdftex (RS)
LaTeX Info: Redefining \lsstyle on input line 944.
LaTeX Info: Redefining \lslig on input line 944.
\MT@outer@space=\skip62
)
Package microtype Info: Loading configuration file microtype.cfg.
 (/home/senghakrou/.TinyTeX/texmf-dist/tex/latex/microtype/microtype.cfg
File: microtype.cfg 2026/03/01 v3.2d microtype main configuration file (RS)
)
LaTeX Info: Redefining \microtypesetup on input line 3065.
) (/home/senghakrou/.TinyTeX/texmf-dist/tex/latex/l3backend/l3backend-pdftex.def
File: l3backend-pdftex.def 2026-02-18 L3 backend support: PDF output (pdfTeX)
\l__color_backend_stack_int=\count326
) (./boamp_m0_technical_report.aux)
\openout1 = `boamp_m0_technical_report.aux'.

LaTeX Font Info:    Checking defaults for OML/cmm/m/it on input line 27.
LaTeX Font Info:    ... okay on input line 27.
LaTeX Font Info:    Checking defaults for OMS/cmsy/m/n on input line 27.
LaTeX Font Info:    ... okay on input line 27.
LaTeX Font Info:    Checking defaults for OT1/cmr/m/n on input line 27.
LaTeX Font Info:    ... okay on input line 27.
LaTeX Font Info:    Checking defaults for T1/cmr/m/n on input line 27.
LaTeX Font Info:    ... okay on input line 27.
LaTeX Font Info:    Checking defaults for TS1/cmr/m/n on input line 27.
LaTeX Font Info:    ... okay on input line 27.
LaTeX Font Info:    Checking defaults for OMX/cmex/m/n on input line 27.
LaTeX Font Info:    ... okay on input line 27.
LaTeX Font Info:    Checking defaults for U/cmr/m/n on input line 27.
LaTeX Font Info:    ... okay on input line 27.
LaTeX Font Info:    Checking defaults for PD1/pdf/m/n on input line 27.
LaTeX Font Info:    ... okay on input line 27.
LaTeX Font Info:    Checking defaults for PU/pdf/m/n on input line 27.
LaTeX Font Info:    ... okay on input line 27.

*geometry* driver: auto-detecting
*geometry* detected driver: pdftex
*geometry* verbose mode - [ preamble ] result:
* driver: pdftex
* paper: a4paper
* layout: <same size as paper>
* layoutoffset:(h,v)=(0.0pt,0.0pt)
* modes: 
* h-part:(L,W,R)=(71.13188pt, 455.24411pt, 71.13188pt)
* v-part:(T,H,B)=(71.13188pt, 702.78308pt, 71.13188pt)
* \paperwidth=597.50787pt
* \paperheight=845.04684pt
* \textwidth=455.24411pt
* \textheight=702.78308pt
* \oddsidemargin=-1.1381pt
* \evensidemargin=-1.1381pt
* \topmargin=-38.1381pt
* \headheight=12.0pt
* \headsep=25.0pt
* \topskip=11.0pt
* \footskip=30.0pt
* \marginparwidth=59.0pt
* \marginparsep=10.0pt
* \columnsep=10.0pt
* \skip\footins=10.0pt plus 4.0pt minus 2.0pt
* \hoffset=0.0pt
* \voffset=0.0pt
* \mag=1000
* \@twocolumnfalse
* \@twosidefalse
* \@mparswitchfalse
* \@reversemarginfalse
* (1in=72.27pt=25.4mm, 1cm=28.453pt)

(/home/senghakrou/.TinyTeX/texmf-dist/tex/context/base/mkii/supp-pdf.mkii
[Loading MPS to PDF converter (version 2006.09.02).]
\scratchcounter=\count327
\scratchdimen=\dimen256
\scratchbox=\box64
\nofMPsegments=\count328
\nofMParguments=\count329
\everyMPshowfont=\toks29
\MPscratchCnt=\count330
\MPscratchDim=\dimen257
\MPnumerator=\count331
\makeMPintoPDFobject=\count332
\everyMPtoPDFconversion=\toks30
) (/home/senghakrou/.TinyTeX/texmf-dist/tex/latex/epstopdf-pkg/epstopdf-base.sty
Package: epstopdf-base 2020-01-24 v2.11 Base part for package epstopdf
Package epstopdf-base Info: Redefining graphics rule for `.eps' on input line 485.
 (/home/senghakrou/.TinyTeX/texmf-dist/tex/latex/latexconfig/epstopdf-sys.cfg
File: epstopdf-sys.cfg 2010/07/13 v1.3 Configuration of (r)epstopdf for TeX Live
))
Package hyperref Info: Link coloring OFF on input line 27.
 (./boamp_m0_technical_report.out) (./boamp_m0_technical_report.out)
\@outlinefile=\write3
\openout3 = `boamp_m0_technical_report.out'.

Package caption Info: Begin \AtBeginDocument code.
Package caption Info: End \AtBeginDocument code.
LaTeX Info: Redefining \microtypecontext on input line 27.
Package microtype Info: Applying patch `item' on input line 27.
Package microtype Info: Applying patch `toc' on input line 27.
Package microtype Info: Applying patch `eqnum' on input line 27.
Package microtype Info: Applying patch `footnote' on input line 27.
Package microtype Info: Applying patch `verbatim' on input line 27.
LaTeX Info: Redefining \microtypesetup on input line 27.
Package microtype Info: Generating PDF output.
Package microtype Info: Character protrusion enabled (level 2).
Package microtype Info: Using default protrusion set `alltext'.
Package microtype Info: Automatic font expansion enabled (level 2),
(microtype)             stretch: 20, shrink: 20, step: 1, non-selected.
Package microtype Info: Using default expansion set `alltext-nott'.
Package microtype Info: Patching command `\showhyphens'.
Package microtype Info: No adjustment of tracking.
Package microtype Info: No adjustment of interword spacing.
Package microtype Info: No adjustment of character kerning.
 (/home/senghakrou/.TinyTeX/texmf-dist/tex/latex/microtype/mt-cmr.cfg
File: mt-cmr.cfg 2013/05/19 v2.2 microtype config. file: Computer Modern Roman (RS)
)
LaTeX Font Info:    Trying to load font information for U+msa on input line 58.
 (/home/senghakrou/.TinyTeX/texmf-dist/tex/latex/amsfonts/umsa.fd
File: umsa.fd 2013/01/14 v3.01 AMS symbols A
) (/home/senghakrou/.TinyTeX/texmf-dist/tex/latex/microtype/mt-msa.cfg
File: mt-msa.cfg 2006/02/04 v1.1 microtype config. file: AMS symbols (a) (RS)
)
LaTeX Font Info:    Trying to load font information for U+msb on input line 58.
 (/home/senghakrou/.TinyTeX/texmf-dist/tex/latex/amsfonts/umsb.fd
File: umsb.fd 2013/01/14 v3.01 AMS symbols B
) (/home/senghakrou/.TinyTeX/texmf-dist/tex/latex/microtype/mt-msb.cfg
File: mt-msb.cfg 2005/06/01 v1.0 microtype config. file: AMS symbols (b) (RS)
) [1

{/home/senghakrou/.TinyTeX/texmf-var/fonts/map/pdftex/updmap/pdftex.map}]
LaTeX Font Info:    Font shape `OT1/cmtt/bx/n' in size <10.95> not available
(Font)              Font shape `OT1/cmtt/m/n' tried instead on input line 97.
 (./boamp_m0_technical_report.toc [2] [3])
\tf@toc=\write4
\openout4 = `boamp_m0_technical_report.toc'.

 [4{/home/senghakrou/.TinyTeX/texmf-dist/fonts/enc/dvips/cm-super/cm-super-ts1.enc}]
Underfull \hbox (badness 10000) in paragraph at lines 220--224
[]\OT1/cmr/bx/n/10.95 (+20) Retrieval \OT1/cmr/m/n/10.95 (+20) (\OT1/cmtt/m/n/10.95 scripts/download[]boamp.py\OT1/cmr/m/n/10.95 (+20) ): DILA Open-data-soft API $\OMS/cmsy/m/n/10.95 !$
 []


Underfull \hbox (badness 10000) in paragraph at lines 224--228
[]\OT1/cmr/bx/n/10.95 (+20) Flattening \OT1/cmr/m/n/10.95 (+20) (\OT1/cmtt/m/n/10.95 scripts/parse[]boamp.py\OT1/cmr/m/n/10.95 (+20) ): raw JSON $\OMS/cmsy/m/n/10.95 !$
 []

[5]
Underfull \hbox (badness 7397) in paragraph at lines 236--241
[]\OT1/cmr/bx/n/10.95 (+20) Linkage and sur-vival hand-off \OT1/cmr/m/n/10.95 (+20) (note-book \OT1/cmtt/m/n/10.95 08 \OT1/cmr/m/n/10.95 (+20) / script \OT1/cmtt/m/n/10.95 run[]m0[]linkage.py\OT1/cmr/m/n/10.95 (+20) ):
 []


Underfull \hbox (badness 10000) in paragraph at lines 236--241
\OT1/cmr/m/n/10.95 (+20) broad/balanced/strict link files and the ref-er-ence sur-vival dataset
 []


Underfull \hbox (badness 10000) in paragraph at lines 254--259
[]\OT1/cmr/bx/n/10.95 (+20) Reporting util-i-ties\OT1/cmr/m/n/10.95 (+20) : \OT1/cmtt/m/n/10.95 make[]figures.py\OT1/cmr/m/n/10.95 (+20) , \OT1/cmtt/m/n/10.95 make[]evaluation[]figures.py\OT1/cmr/m/n/10.95 (+20) ,
 []


Underfull \hbox (badness 10000) in paragraph at lines 254--259
\OT1/cmtt/m/n/10.95 make[]report[]figures.py \OT1/cmr/m/n/10.95 (+20) (fig-ures 01--18), and the report-assembly helpers
 []

[6]
Underfull \hbox (badness 3240) in paragraph at lines 326--334
\OT1/cmr/m/n/10.95 (+20) The dataset was ex-tracted from the \OT1/cmr/bx/n/10.95 (+20) DILA Open-data-soft Ex-plore API v2.1\OT1/cmr/m/n/10.95 (+20) ,
 []


Underfull \hbox (badness 10000) in paragraph at lines 326--334
\OT1/cmr/m/n/10.95 (+20) dataset \OT1/cmtt/m/n/10.95 boamp \OT1/cmr/m/n/10.95 (+20) (\OT1/cmtt/m/n/10.95 https://boamp-datadila.opendatasoft.com/api/explore/v2.1/
 []


Underfull \hbox (badness 1360) in paragraph at lines 326--334
\OT1/cmtt/m/n/10.95 catalog/datasets/boamp/\OT1/cmr/m/n/10.95 (+20) ), us-ing the \OT1/cmtt/m/n/10.95 .../exports/json \OT1/cmr/m/n/10.95 (+20) end-point (no 10,000-row off-
 []


Underfull \hbox (badness 10000) in paragraph at lines 338--338
[]\OT1/cmr/m/n/10.95 (+20) Table 1: |Live API check mo-ti-vat-ing the ge-o-graphic fil-ter (source:
 []


Underfull \hbox (badness 10000) in paragraph at lines 350--359
[]\OT1/cmr/bx/n/10.95 (+20) Actual re-trieved\OT1/cmr/m/n/10.95 (+20) : 84,623 unique no-tices across 139 monthly JSON files
 []


Underfull \hbox (badness 1205) in paragraph at lines 350--359
\OT1/cmr/m/n/10.95 (+20) (\OT1/cmtt/m/n/10.95 reports/tables/boamp[]download[]summary.csv\OT1/cmr/m/n/10.95 (+20) ), 0 du-pli-cates, 0 failed re-quests. Raw
 []


LaTeX Warning: `!h' float specifier changed to `!ht'.


Underfull \hbox (badness 10000) in paragraph at lines 377--381
\OT1/cmr/m/n/10.95 (+20) Table []3[] de-scribes the raw and de-rived fields most rel-e-vant to M0,
 []


Underfull \hbox (badness 10000) in paragraph at lines 377--381
\OT1/cmr/m/n/10.95 (+20) drawn from \OT1/cmtt/m/n/10.95 reports/tables/boamp[]source[]schema[]summary.csv \OT1/cmr/m/n/10.95 (+20) and
 []


Underfull \hbox (badness 1478) in paragraph at lines 377--381
\OT1/cmtt/m/n/10.95 reports/tables/boamp[]observed[]columns.csv\OT1/cmr/m/n/10.95 (+20) . Cov-er-age is mea-sured over all 84,623
 []


Underfull \hbox (badness 10000) in paragraph at lines 394--395
[]|\OT1/cmr/m/n/10 (+20) Notice/buyer de-part-ment code(s); server-filtered to
 []


Overfull \hbox (15.2991pt too wide) in paragraph at lines 399--399
[]|\OT1/cmtt/m/n/10 siret[]candidates[]raw
 []


Overfull \hbox (4.7992pt too wide) in paragraph at lines 400--400
[]|\OT1/cmtt/m/n/10 cpv[]candidates[]raw
 []


Underfull \hbox (badness 6691) in paragraph at lines 400--401
[]|\OT1/cmr/m/n/10 (+20) 8-digit CPV codes found near a key con-tain-ing \OT1/cmtt/m/n/10 cpv
 []


Underfull \hbox (badness 10000) in paragraph at lines 400--401
\OT1/cmr/m/n/10 (+20) (legacy: \OT1/cmtt/m/n/10 CPV.objetPrincipal.classPrincipale\OT1/cmr/m/n/10 (+20) ; eForms:
 []


Underfull \hbox (badness 1810) in paragraph at lines 400--401
\OT1/cmtt/m/n/10 ItemClassificationCode\OT1/cmr/m/n/10 (+20) ). Source of \OT1/cmtt/m/n/10 cpv[]clean \OT1/cmr/m/n/10 (+20) and its
 []


Overfull \hbox (10.04915pt too wide) in paragraph at lines 401--401
[]|\OT1/cmtt/m/n/10 duration[]months[]raw
 []


LaTeX Warning: `!h' float specifier changed to `!ht'.

[7] [8] [9]
<figures/03_buyer_key_type_by_year.png, id=501, 542.025pt x 303.534pt>
File: figures/03_buyer_key_type_by_year.png Graphic file (type png)
<use figures/03_buyer_key_type_by_year.png>
Package pdftex.def Info: figures/03_buyer_key_type_by_year.png  used on input line 500.
(pdftex.def)             Requested size: 386.96027pt x 216.70558pt.
<figures/01_notice_count_by_year.png, id=503, 505.89pt x 289.08pt>
File: figures/01_notice_count_by_year.png Graphic file (type png)
<use figures/01_notice_count_by_year.png>
Package pdftex.def Info: figures/01_notice_count_by_year.png  used on input line 508.
(pdftex.def)             Requested size: 218.51521pt x 124.86658pt.
<figures/02_appel_offre_count_by_year.png, id=504, 505.89pt x 289.08pt>
File: figures/02_appel_offre_count_by_year.png Graphic file (type png)
<use figures/02_appel_offre_count_by_year.png>
Package pdftex.def Info: figures/02_appel_offre_count_by_year.png  used on input line 510.
(pdftex.def)             Requested size: 218.51521pt x 124.86658pt.

Underfull \hbox (badness 10000) in paragraph at lines 530--530
[]\OT1/cmr/m/n/10.95 (+20) Table 6: |Of-fi-cial cur-rent data lin-eage (\OT1/cmtt/m/n/10.95 reports/tables/audit[]data[]lineage.csv\OT1/cmr/m/n/10.95 (+20) ,
 []


Overfull \hbox (9.33163pt too wide) in paragraph at lines 538--538
[]|\OT1/cmtt/m/n/9 boamp[]clean[]m0[]no[]enrichment.csv| 
 []


Overfull \hbox (1.14854pt too wide) in paragraph at lines 538--539
[]|\OT1/cmtt/m/n/9 preprocess[]boamp[]m0.py| 
 []


Underfull \hbox (badness 3668) in paragraph at lines 539--539
[]|\OT1/cmr/m/n/9 (+20) source no-
 []


Overfull \hbox (1.14854pt too wide) in paragraph at lines 539--540
[]|\OT1/cmtt/m/n/9 preprocess[]boamp[]m0.py| 
 []


Underfull \hbox (badness 10000) in paragraph at lines 540--540
[]|\OT1/cmr/m/n/9 (+20) source--
 []


Underfull \hbox (badness 10000) in paragraph at lines 540--540
\OT1/cmr/m/n/9 (+20) candidate
 []


Overfull \hbox (23.45027pt too wide) in paragraph at lines 540--541
[]|\OT1/cmtt/m/n/9 build[]m0[]candidate[]pairs.py| 
 []


Underfull \hbox (badness 10000) in paragraph at lines 541--541
[]|\OT1/cmr/m/n/9 (+20) accepted
 []


Overfull \hbox (1.20474pt too wide) in paragraph at lines 542--542
[]|\OT1/cmtt/m/n/9 boamp[]survival[]m0[]balanced.csv| 
 []


Underfull \hbox (badness 10000) in paragraph at lines 542--542
[]|\OT1/cmr/m/n/9 (+20) survival
 []


LaTeX Warning: `!h' float specifier changed to `!ht'.

[10 <./figures/03_buyer_key_type_by_year.png> <./figures/01_notice_count_by_year.png> <./figures/02_appel_offre_count_by_year.png>]
Underfull \hbox (badness 1189) in paragraph at lines 568--568
[]|\OT1/cmr/m/n/10 (+20) 27.2% of all no-tices carry
 []


Underfull \hbox (badness 1043) in paragraph at lines 568--568
\OT1/cmr/m/n/10 (+20) a format-valid raw SIRET
 []


Underfull \hbox (badness 1748) in paragraph at lines 568--568
\OT1/cmr/m/n/10 (+20) (99.6% of those also pass
 []


Underfull \hbox (badness 10000) in paragraph at lines 569--570
[]|\OT1/cmr/m/n/10 (+20) Derive the full hi-er-ar-chy
 []


Underfull \hbox (badness 10000) in paragraph at lines 569--570
\OT1/cmr/m/n/10 (+20) (\OT1/cmtt/m/n/10 cpv[]division\OT1/cmr/m/n/10 (+20) /\OT1/cmtt/m/n/10 group\OT1/cmr/m/n/10 (+20) /\OT1/cmtt/m/n/10 class\OT1/cmr/m/n/10 (+20) /\OT1/cmtt/m/n/10 category\OT1/cmr/m/n/10 (+20) ); flag
 []


Underfull \hbox (badness 10000) in paragraph at lines 570--570
[]|\OT1/cmr/m/n/10 (+20) Contract du-ra-
 []


Underfull \hbox (badness 10000) in paragraph at lines 571--571
[]|\OT1/cmr/m/n/10 (+20) Contract start
 []


Underfull \hbox (badness 10000) in paragraph at lines 571--571
[]|\OT1/cmtt/m/n/10 ATTRIBUTION\OT1/cmr/m/n/10 (+20) -linked award
 []


Underfull \hbox (badness 1292) in paragraph at lines 571--572
[]|\OT1/cmr/m/n/10 (+20) Use the linked \OT1/cmtt/m/n/10 ATTRIBUTION \OT1/cmr/m/n/10 (+20) no-tice's pub-li-ca-
 []


Underfull \hbox (badness 1472) in paragraph at lines 571--572
\OT1/cmr/m/n/10 (+20) fall back to the source's own \OT1/cmtt/m/n/10 dateparution\OT1/cmr/m/n/10 (+20) .
 []

[11]
Underfull \hbox (badness 10000) in paragraph at lines 610--610
[]\OT1/cmr/m/n/10.95 (+20) Table 8: |Data qual-ity is-sues and their im-pact on link-
 []


Underfull \hbox (badness 10000) in paragraph at lines 610--610
\OT1/cmr/m/n/10.95 (+20) ing, per \OT1/cmtt/m/n/10.95 reports/boamp[]m0[]preprocessing[]report.md \TS1/cmr/m/n/10.95 (+20) §\OT1/cmr/m/n/10.95 (+20) 15 and
 []


Underfull \hbox (badness 10000) in paragraph at lines 617--617
[]|\OT1/cmr/m/n/10 (+20) Buyer name-
 []


Underfull \hbox (badness 3000) in paragraph at lines 617--617
\OT1/cmr/m/n/10 (+20) only by ex-act normalized-name
 []


Underfull \hbox (badness 1400) in paragraph at lines 617--618
[]|\OT1/cmr/m/n/10 (+20) The same real buyer un-der two
 []


Underfull \hbox (badness 10000) in paragraph at lines 618--618
[]|\OT1/cmr/m/n/10 (+20) CPV cov-er-age
 []


Underfull \hbox (badness 10000) in paragraph at lines 619--619
[]|\OT1/cmr/m/n/10 (+20) Contract du-ra-
 []


Underfull \hbox (badness 7558) in paragraph at lines 620--620
[]|\OT1/cmr/m/n/10 (+20) Duration is a
 []


Underfull \hbox (badness 10000) in paragraph at lines 620--620
\OT1/cmr/m/n/10 (+20) right-skewed,
 []


Underfull \hbox (badness 10000) in paragraph at lines 620--620
\OT1/cmr/m/n/10 (+20) keyword-driven
 []


Underfull \hbox (badness 10000) in paragraph at lines 622--622
[]|\OT1/cmr/m/n/10 (+20) Blocking ex-
 []


Underfull \hbox (badness 10000) in paragraph at lines 622--622
\OT1/cmr/m/n/10 (+20) cludes most
 []


Underfull \hbox (badness 4886) in paragraph at lines 623--623
[]|\OT1/cmr/m/n/10 (+20) Duration cir-cu-
 []


Underfull \hbox (badness 2762) in paragraph at lines 623--624
[]|\OT1/cmr/m/n/10 (+20) A ded-i-cated leak-age au-dit (Sec-
 []


Underfull \hbox (badness 10000) in paragraph at lines 624--624
[]|\OT1/cmr/m/n/10 (+20) No ver-i-fied
 []


LaTeX Warning: `!h' float specifier changed to `!ht'.

<figures/04_cpv_coverage_by_year.png, id=531, 505.89pt x 289.08pt>
File: figures/04_cpv_coverage_by_year.png Graphic file (type png)
<use figures/04_cpv_coverage_by_year.png>
Package pdftex.def Info: figures/04_cpv_coverage_by_year.png  used on input line 631.
(pdftex.def)             Requested size: 218.51521pt x 124.86658pt.
<figures/05_duration_missingness_by_year.png, id=532, 505.89pt x 289.08pt>
File: figures/05_duration_missingness_by_year.png Graphic file (type png)
<use figures/05_duration_missingness_by_year.png>
Package pdftex.def Info: figures/05_duration_missingness_by_year.png  used on input line 633.
(pdftex.def)             Requested size: 218.51521pt x 124.86658pt.

Overfull \hbox (31.94765pt too wide) detected at line 655
[][][][][] \OT1/cmr/m/n/10.95 = []
 []

[12 <./figures/04_cpv_coverage_by_year.png> <./figures/05_duration_missingness_by_year.png>]

LaTeX Warning: Text page 13 contains only floats.

[13]
Overfull \hbox (21.03902pt too wide) detected at line 671
[][][][][] \OT1/cmr/m/n/10.95 = []
 []

[14] [15]
<figures/06_candidate_count_distribution.png, id=576, 505.89pt x 289.08pt>
File: figures/06_candidate_count_distribution.png Graphic file (type png)
<use figures/06_candidate_count_distribution.png>
Package pdftex.def Info: figures/06_candidate_count_distribution.png  used on input line 861.
(pdftex.def)             Requested size: 218.51521pt x 124.86658pt.
<figures/07_m0_score_distribution.png, id=577, 505.89pt x 289.08pt>
File: figures/07_m0_score_distribution.png Graphic file (type png)
<use figures/07_m0_score_distribution.png>
Package pdftex.def Info: figures/07_m0_score_distribution.png  used on input line 863.
(pdftex.def)             Requested size: 218.51521pt x 124.86658pt.


LaTeX Warning: `!h' float specifier changed to `!ht'.

LaTeX Font Info:    Font shape `OT1/cmtt/bx/n' in size <12> not available
(Font)              Font shape `OT1/cmtt/m/n' tried instead on input line 874.

Underfull \hbox (badness 2582) in paragraph at lines 887--888
[]|\OT1/cmr/m/n/10 (+20) Grouping key and its prove-nance (RAW[]SIRET /
 []


Underfull \hbox (badness 10000) in paragraph at lines 888--888
[]|\OT1/cmtt/m/n/10 publication[]date\OT1/cmr/m/n/10 (+20) ,
 []


Underfull \hbox (badness 10000) in paragraph at lines 888--888
\OT1/cmtt/m/n/10 start[]date\OT1/cmr/m/n/10 (+20) ,
 []


Underfull \hbox (badness 10000) in paragraph at lines 888--888
\OT1/cmtt/m/n/10 estimated[]end[]date\OT1/cmr/m/n/10 (+20) ,
 []


Underfull \hbox (badness 10000) in paragraph at lines 889--889
[]|\OT1/cmtt/m/n/10 cpv[]division\OT1/cmr/m/n/10 (+20) ,
 []


Underfull \hbox (badness 10000) in paragraph at lines 889--889
\OT1/cmtt/m/n/10 cpv[]category\OT1/cmr/m/n/10 (+20) ,
 []


Overfull \hbox (22.68083pt too wide) in paragraph at lines 893--893
[]|\OT1/cmtt/m/n/10 time[]to[]event[]or[]censor[]months| 
 []


Overfull \hbox (4.62102pt too wide) in paragraph at lines 894--894
[]|\OT1/cmtt/m/n/10 linked[]candidate[]notice[]id| 
 []


LaTeX Warning: `!h' float specifier changed to `!ht'.

[16]

LaTeX Warning: `!h' float specifier changed to `!ht'.

[17 <./figures/06_candidate_count_distribution.png> <./figures/07_m0_score_distribution.png>]
Overfull \hbox (16.23195pt too wide) in paragraph at lines 950--950
[]\OT1/cmr/m/n/10.95 (-20) Table 12: |Block-ing cov-er-age by pub-li-ca-tion year (\OT1/cmtt/m/n/10.95 reports/tables/audit[]blocking[]coverage.csv\OT1/cmr/m/n/10.95 (-20) ).| 
 []


LaTeX Warning: `!h' float specifier changed to `!ht'.

[18]
Overfull \hbox (11.58786pt too wide) in paragraph at lines 1018--1018
[]\OT1/cmr/m/n/10.95 (-20) Table 14: |Thresh-old per-tur-ba-tion sen-si-tiv-ity (\OT1/cmtt/m/n/10.95 reports/tables/m6a[]threshold[]sensitivity.csv\OT1/cmr/m/n/10.95 (-20) ),
 []

<figures/14_threshold_sensitivity.png, id=612, 867.24pt x 325.215pt>
File: figures/14_threshold_sensitivity.png Graphic file (type png)
<use figures/14_threshold_sensitivity.png>
Package pdftex.def Info: figures/14_threshold_sensitivity.png  used on input line 1037.
(pdftex.def)             Requested size: 455.24411pt x 170.71562pt.
[19 <./figures/14_threshold_sensitivity.png>]
<figures/15_feature_ablation_jaccard.png, id=623, 505.89pt x 289.08pt>
File: figures/15_feature_ablation_jaccard.png Graphic file (type png)
<use figures/15_feature_ablation_jaccard.png>
Package pdftex.def Info: figures/15_feature_ablation_jaccard.png  used on input line 1058.
(pdftex.def)             Requested size: 341.43307pt x 195.10733pt.
<figures/08_event_count_by_variant.png, id=624, 433.62pt x 289.08pt>
File: figures/08_event_count_by_variant.png Graphic file (type png)
<use figures/08_event_count_by_variant.png>
Package pdftex.def Info: figures/08_event_count_by_variant.png  used on input line 1067.
(pdftex.def)             Requested size: 218.51521pt x 145.67767pt.
<figures/09_event_count_by_year_balanced.png, id=625, 505.89pt x 289.08pt>
File: figures/09_event_count_by_year_balanced.png Graphic file (type png)
<use figures/09_event_count_by_year_balanced.png>
Package pdftex.def Info: figures/09_event_count_by_year_balanced.png  used on input line 1069.
(pdftex.def)             Requested size: 218.51521pt x 124.86658pt.
<figures/10_top_buyer_event_counts.png, id=628, 542.025pt x 361.35pt>
File: figures/10_top_buyer_event_counts.png Graphic file (type png)
<use figures/10_top_buyer_event_counts.png>
Package pdftex.def Info: figures/10_top_buyer_event_counts.png  used on input line 1079.
(pdftex.def)             Requested size: 364.19667pt x 242.80348pt.


LaTeX Warning: `!h' float specifier changed to `!ht'.

[20 <./figures/15_feature_ablation_jaccard.png> <./figures/08_event_count_by_variant.png> <./figures/09_event_count_by_year_balanced.png>]
Underfull \hbox (badness 10000) in paragraph at lines 1106--1106
[]\OT1/cmr/m/n/10.95 (+20) Table 15: |Com-plete can-di-date pool for source \OT1/cmtt/m/n/10.95 15-139094
 []


LaTeX Warning: `!h' float specifier changed to `!ht'.

[21 <./figures/10_top_buyer_event_counts.png>]
Underfull \hbox (badness 2772) in paragraph at lines 1171--1177
\OT1/cmr/m/n/10.95 (+20) Source no-tice \OT1/cmtt/m/n/10.95 24-10209 \OT1/cmr/m/n/10.95 (+20) (SEMI-TAN, Nantes's pub-lic trans-port op-er-a-tor, buyer key
 []

[22] [23]
<figures/11_beta_mixture_densities.png, id=678, 722.7pt x 505.89pt>
File: figures/11_beta_mixture_densities.png Graphic file (type png)
<use figures/11_beta_mixture_densities.png>
Package pdftex.def Info: figures/11_beta_mixture_densities.png  used on input line 1292.
(pdftex.def)             Requested size: 455.24411pt x 318.67378pt.
<figures/12_beta_mixture_posterior_by_linkage.png, id=679, 505.89pt x 325.215pt>
File: figures/12_beta_mixture_posterior_by_linkage.png Graphic file (type png)
<use figures/12_beta_mixture_posterior_by_linkage.png>
Package pdftex.def Info: figures/12_beta_mixture_posterior_by_linkage.png  used on input line 1301.
(pdftex.def)             Requested size: 341.43307pt x 219.49576pt.


LaTeX Warning: `!h' float specifier changed to `!ht'.


Underfull \hbox (badness 3965) in paragraph at lines 1310--1314
\OT1/cmr/m/n/10.95 (+20) Using the 309 strict links as a con-ser-va-tive (not ground-truth) ref-er-ence sub-set,
 []


Underfull \hbox (badness 10000) in paragraph at lines 1318--1318
[]\OT1/cmr/m/n/10.95 (+20) Table 18: |Re-cov-ery rate $\OML/cmm/m/it/10.95 R\OT1/cmr/m/n/10.95 (+20) ([])$ un-der semi-synthetic cor-rup-tion
 []


LaTeX Warning: `!h' float specifier changed to `!ht'.

<figures/13_corruption_recovery_curves.png, id=680, 505.89pt x 325.215pt>
File: figures/13_corruption_recovery_curves.png Graphic file (type png)
<use figures/13_corruption_recovery_curves.png>
Package pdftex.def Info: figures/13_corruption_recovery_curves.png  used on input line 1333.
(pdftex.def)             Requested size: 341.43307pt x 219.49576pt.

LaTeX Warning: `!h' float specifier changed to `!ht'.

[24 <./figures/11_beta_mixture_densities.png>]

LaTeX Warning: Text page 25 contains only floats.

[25 <./figures/12_beta_mixture_posterior_by_linkage.png> <./figures/13_corruption_recovery_curves.png>]
Underfull \hbox (badness 10000) in paragraph at lines 1360--1360
[]|\OT1/cmr/m/n/10 (+20) Fellegi--Sunter
 []


Underfull \hbox (badness 10000) in paragraph at lines 1360--1360
[]|\OT1/cmr/m/n/10 (+20) Model-
 []


Underfull \hbox (badness 10000) in paragraph at lines 1360--1360
\OT1/cmr/m/n/10 (+20) based
 []


Underfull \hbox (badness 10000) in paragraph at lines 1361--1361
[]|\OT1/cmr/m/n/10 (+20) Corruption re-
 []


Underfull \hbox (badness 10000) in paragraph at lines 1361--1361
[]|\OT1/cmr/m/n/10 (+20) Semi-
 []


Underfull \hbox (badness 10000) in paragraph at lines 1361--1361
\OT1/cmr/m/n/10 (+20) synthetic
 []


Underfull \hbox (badness 10000) in paragraph at lines 1362--1362
[]|\OT1/cmr/m/n/10 Sensitivity
 []


Underfull \hbox (badness 10000) in paragraph at lines 1362--1362
[]|\OT1/cmr/m/n/10 (+20) How many links flip near
 []


Underfull \hbox (badness 10000) in paragraph at lines 1363--1363
[]|\OT1/cmr/m/n/10 Sensitivity
 []


Underfull \hbox (badness 10000) in paragraph at lines 1363--1364
[]|\OT1/cmr/m/n/10 (+20) Score-internal; not val-i-dated
 []


Underfull \hbox (badness 10000) in paragraph at lines 1366--1366
[]|\OT1/cmr/m/n/10 (+20) Duration-
 []


Underfull \hbox (badness 10000) in paragraph at lines 1366--1366
[]|\OT1/cmr/m/n/10 (+20) Design-
 []


Underfull \hbox (badness 10000) in paragraph at lines 1366--1366
\OT1/cmr/m/n/10 (+20) sensitivity
 []


Overfull \hbox (2.48666pt too wide) in paragraph at lines 1356--1369
 [][] 
 []

[26]
<figures/17_km_overall_variants.png, id=721, 542.025pt x 361.35pt>
File: figures/17_km_overall_variants.png Graphic file (type png)
<use figures/17_km_overall_variants.png>
Package pdftex.def Info: figures/17_km_overall_variants.png  used on input line 1465.
(pdftex.def)             Requested size: 386.96027pt x 257.98285pt.


LaTeX Warning: `!h' float specifier changed to `!ht'.

[27]
<figures/16_km_by_cpv_division_broad_vs_strict.png, id=734, 867.24pt x 361.35pt>
File: figures/16_km_by_cpv_division_broad_vs_strict.png Graphic file (type png)
<use figures/16_km_by_cpv_division_broad_vs_strict.png>
Package pdftex.def Info: figures/16_km_by_cpv_division_broad_vs_strict.png  used on input line 1510.
(pdftex.def)             Requested size: 455.24411pt x 189.68402pt.
 [28 <./figures/17_km_overall_variants.png> <./figures/16_km_by_cpv_division_broad_vs_strict.png>]
Underfull \hbox (badness 10000) in paragraph at lines 1533--1533
[]\OT1/cmr/m/n/10.95 (+20) Table 22: |Bal-anced clus-tered Cox model, non-CPV terms
 []

<figures/18_cox_forest_balanced_noncpv.png, id=744, 614.295pt x 245.718pt>
File: figures/18_cox_forest_balanced_noncpv.png Graphic file (type png)
<use figures/18_cox_forest_balanced_noncpv.png>
Package pdftex.def Info: figures/18_cox_forest_balanced_noncpv.png  used on input line 1548.
(pdftex.def)             Requested size: 386.96027pt x 154.78441pt.

Underfull \hbox (badness 4608) in paragraph at lines 1569--1582
\OT1/cmr/m/n/10.95 (+20) The Schoen-feld resid-ual test on the bal-anced model flags four terms at $\OML/cmm/m/it/10.95 p <
 []


Underfull \hbox (badness 5832) in paragraph at lines 1569--1582
\OT1/cmr/m/n/10.95 (+20) 0\OML/cmm/m/it/10.95 :\OT1/cmr/m/n/10.95 (+20) 05$: \OT1/cmtt/m/n/10.95 log[]duration \OT1/cmr/m/n/10.95 (+20) ($\OML/cmm/m/it/10.95 p \OT1/cmr/m/n/10.95 (+20) = 6\OML/cmm/m/it/10.95 :\OT1/cmr/m/n/10.95 (+20) 8 \OMS/cmsy/m/n/10.95 ^^B \OT1/cmr/m/n/10.95 (+20) 10[]$), \OT1/cmtt/m/n/10.95 dur[]was[]imputed \OT1/cmr/m/n/10.95 (+20) ($\OML/cmm/m/it/10.95 p \OT1/cmr/m/n/10.95 (+20) = 7\OML/cmm/m/it/10.95 :\OT1/cmr/m/n/10.95 (+20) 7 \OMS/cmsy/m/n/10.95 ^^B \OT1/cmr/m/n/10.95 (+20) 10[]$),
 []


Underfull \hbox (badness 7099) in paragraph at lines 1569--1582
\OT1/cmtt/m/n/10.95 cpv[]division[]72 \OT1/cmr/m/n/10.95 (+20) ($\OML/cmm/m/it/10.95 p \OT1/cmr/m/n/10.95 (+20) = 7\OML/cmm/m/it/10.95 :\OT1/cmr/m/n/10.95 (+20) 3 \OMS/cmsy/m/n/10.95 ^^B \OT1/cmr/m/n/10.95 (+20) 10[]$), and \OT1/cmtt/m/n/10.95 cpv[]division[]MISSING \OT1/cmr/m/n/10.95 (+20) ($\OML/cmm/m/it/10.95 p \OT1/cmr/m/n/10.95 (+20) = 0\OML/cmm/m/it/10.95 :\OT1/cmr/m/n/10.95 (+20) 042$)
 []

[29 <./figures/18_cox_forest_balanced_noncpv.png>]
Underfull \hbox (badness 10000) in paragraph at lines 1587--1587
[]\OT1/cmr/m/n/10.95 (+20) Table 23: |Para-met-ric AFT model com-par-i-son, bal-anced ref-er-ence
 []


Underfull \hbox (badness 10000) in paragraph at lines 1643--1643
[]\OT1/cmr/m/n/10.95 (+20) Table 24: |Over-all sur-vival sum-maries un-der all event def-i-ni-tions
 []


LaTeX Warning: `!h' float specifier changed to `!ht'.

[30]
Overfull \hbox (18.63676pt too wide) in paragraph at lines 1671--1671
[]\OT1/cmr/m/n/10.95 (-20) Table 25: |Temporal-window sen-si-tiv-ity (\OT1/cmtt/m/n/10.95 reports/tables/m6d[]temporal[]window[]sensitivity.csv\OT1/cmr/m/n/10.95 (-20) ).
 []


Overfull \hbox (21.89183pt too wide) in paragraph at lines 1672--1682
 [][] 
 []

<figures/nb14_window_sensitivity.png, id=761, 505.89pt x 303.534pt>
File: figures/nb14_window_sensitivity.png Graphic file (type png)
<use figures/nb14_window_sensitivity.png>
Package pdftex.def Info: figures/nb14_window_sensitivity.png  used on input line 1693.
(pdftex.def)             Requested size: 364.19667pt x 218.52115pt.

LaTeX Warning: `!h' float specifier changed to `!ht'.


Overfull \hbox (2.8206pt too wide) in paragraph at lines 1714--1723
 [][] 
 []


LaTeX Warning: `!h' float specifier changed to `!ht'.


LaTeX Warning: `!h' float specifier changed to `!ht'.

<figures/nb15_cox_duration_hr.png, id=762, 542.025pt x 289.08pt>
File: figures/nb15_cox_duration_hr.png Graphic file (type png)
<use figures/nb15_cox_duration_hr.png>
Package pdftex.def Info: figures/nb15_cox_duration_hr.png  used on input line 1743.
(pdftex.def)             Requested size: 364.19667pt x 194.24278pt.

LaTeX Warning: `!h' float specifier changed to `!ht'.

[31] [32 <./figures/nb14_window_sensitivity.png>]
Underfull \hbox (badness 6016) in paragraph at lines 1806--1810
\OT1/cmr/m/n/10.95 (+20) As a bounded, non-operational ana-logue of a renewal-risk in-di-ca-tor, the fit-ted
 []


Underfull \hbox (badness 6300) in paragraph at lines 1806--1810
\OT1/cmr/m/n/10.95 (+20) bal-anced Cox model's pre-dicted risk at 12 and 24 months was grouped into
 []


Underfull \hbox (badness 10000) in paragraph at lines 1806--1810
\OT1/cmr/m/n/10.95 (+20) quin-tiles and com-pared to the ob-served proxy-event rate within each quin-tile
 []


LaTeX Warning: `!h' float specifier changed to `!ht'.

[33 <./figures/nb15_cox_duration_hr.png>]
<figures/nb16_calibration_balanced.png, id=788, 419.166pt x 375.804pt>
File: figures/nb16_calibration_balanced.png Graphic file (type png)
<use figures/nb16_calibration_balanced.png>
Package pdftex.def Info: figures/nb16_calibration_balanced.png  used on input line 1835.
(pdftex.def)             Requested size: 341.43307pt x 306.11414pt.

Underfull \hbox (badness 10000) in paragraph at lines 1849--1861
\OT1/cmr/m/n/10.95 (+20) No com-pleted man-ual la-bels ex-ist in this repos-i-tory, and none were fab-
 []


Underfull \hbox (badness 10000) in paragraph at lines 1849--1861
\OT1/cmr/m/n/10.95 (+20) ri-cated for this re-port. A strat-i-fied, un-la-beled sam-ple was drawn to
 []


Underfull \hbox (badness 3907) in paragraph at lines 1849--1861
\OT1/cmtt/m/n/10.95 reports/tables/manual[]validation[]sample[]unlabeled.csv\OT1/cmr/m/n/10.95 (+20) , cov-er-ing score tiers, mar-
 []


Underfull \hbox (badness 2050) in paragraph at lines 1849--1861
\OT1/cmr/m/n/10.95 (+20) guide (\OT1/cmtt/m/n/10.95 reports/manual[]validation[]guide.md\OT1/cmr/m/n/10.95 (+20) ) spec-i-fies four la-bels --- \OT1/cmr/m/it/10.95 (+20) cred-i-ble[]renewal\OT1/cmr/m/n/10.95 (+20) ,
 []

[34 <./figures/nb16_calibration_balanced.png>]
Underfull \hbox (badness 7451) in paragraph at lines 1883--1884
[]|\OT1/cmr/bx/n/9 (+20) Implemented and ver-i-fied
 []


LaTeX Warning: `!h' float specifier changed to `!ht'.

[35] [36]
Underfull \hbox (badness 10000) in paragraph at lines 2015--2028
\OT1/cmr/m/n/10.95 (+20) Script-only steps (no note-book coun-ter-part): \OT1/cmtt/m/n/10.95 audit[]current[]project.py \OT1/cmr/m/n/10.95 (+20) (viewed
 []


Underfull \hbox (badness 10000) in paragraph at lines 2015--2028
\OT1/cmr/m/n/10.95 (+20) through note-book 13's \OT1/cmtt/m/n/10.95 RUN[]SCRIPT \OT1/cmr/m/n/10.95 (+20) tog-gle), \OT1/cmtt/m/n/10.95 eval[]m6a[]threshold[]sensitivity.py\OT1/cmr/m/n/10.95 (+20) ,
 []


Underfull \hbox (badness 7308) in paragraph at lines 2015--2028
\OT1/cmr/m/n/10.95 (+20) (\OT1/cmtt/m/n/10.95 make[]figures.py\OT1/cmr/m/n/10.95 (+20) , \OT1/cmtt/m/n/10.95 make[]evaluation[]figures.py\OT1/cmr/m/n/10.95 (+20) , \OT1/cmtt/m/n/10.95 make[]report[]figures.py \OT1/cmr/m/n/10.95 (+20) --- fig-ures
 []


Underfull \hbox (badness 2269) in paragraph at lines 2015--2028
\OT1/cmr/m/n/10.95 (+20) 01--18; the \OT1/cmtt/m/n/10.95 nb14[]*\OT1/cmr/m/n/10.95 (+20) /\OT1/cmtt/m/n/10.95 nb15[]*\OT1/cmr/m/n/10.95 (+20) /\OT1/cmtt/m/n/10.95 nb16[]* \OT1/cmr/m/n/10.95 (+20) fig-ures are writ-ten by the note-books them-selves),
 []


Underfull \hbox (badness 2418) in paragraph at lines 2015--2028
\OT1/cmr/m/n/10.95 (+20) and the report-assembly helpers ([]\OT1/cmtt/m/n/10.95 build[]schema[]summary.py\OT1/cmr/m/n/10.95 (+20) , []\OT1/cmtt/m/n/10.95 build[]source[]trace.py\OT1/cmr/m/n/10.95 (+20) ,
 []


Overfull \hbox (21.02951pt too wide) in paragraph at lines 2039--2039
[]|\OT1/cmtt/m/n/10 data/processed/boamp[]m0[]candidate[]pairs.csv| 
 []


Overfull \hbox (2.75192pt too wide) in paragraph at lines 2040--2040
[]|\OT1/cmtt/m/n/10 data/processed/boamp[]m0[]links[]broad.csv\OT1/cmr/m/n/10 (-20) , 
 []


Overfull \hbox (31.52942pt too wide) in paragraph at lines 2041--2041
[]|\OT1/cmtt/m/n/10 data/processed/boamp[]survival[]m0[]balanced.csv| 
 []


Underfull \hbox (badness 10000) in paragraph at lines 2043--2043
[]|\OT1/cmtt/m/n/10 reports/tables/m3[]*.csv\OT1/cmr/m/n/10 (+20) , \OT1/cmtt/m/n/10 m4[]*.csv\OT1/cmr/m/n/10 (+20) ,
 []


Underfull \hbox (badness 1342) in paragraph at lines 2045--2046
[]|\OT1/cmr/m/n/10 (+20) Stratified sam-ple await-ing man-ual re-view (Sec-
 []


LaTeX Warning: `!h' float specifier changed to `!ht'.

[37] [38] [39] (./boamp_m0_technical_report.aux)
 ***********
LaTeX2e <2026-06-01>
L3 programming layer <2026-06-18>
 ***********
Package rerunfilecheck Info: File `boamp_m0_technical_report.out' has not changed.
(rerunfilecheck)             Checksum: 526E07689F0EEAECAC5D111BFC1DDDD0;15550.
 ) 
Here is how much of TeX's memory you used:
 15508 strings out of 469115
 249866 string characters out of 5458670
 711689 words of memory out of 5000000
 43810 multiletter control sequences out of 15000+600000
 654421 words of font info for 261 fonts, out of 8000000 for 9000
 36 hyphenation exceptions out of 8191
 74i,14n,79p,1022b,683s stack positions out of 10000i,1000n,20000p,200000b,200000s
</home/senghakrou/.TinyTeX/texmf-dist/fonts/type1/public/amsfonts/cm/cmbx10.pfb></home/senghakrou/.TinyTeX/texmf-dist/fonts/type1/public/amsfonts/cm/cmbx12.pfb></home/senghakrou/.TinyTeX/texmf-dist/fonts/type1/public/amsfonts/cm/cmbx9.pfb></home/senghakrou/.TinyTeX/texmf-dist/fonts/type1/public/amsfonts/cm/cmbxti10.pfb></home/senghakrou/.TinyTeX/texmf-dist/fonts/type1/public/amsfonts/cm/cmex10.pfb></home/senghakrou/.TinyTeX/texmf-dist/fonts/type1/public/amsfonts/cm/cmitt10.pfb></home/senghakrou/.TinyTeX/texmf-dist/fonts/type1/public/amsfonts/cm/cmmi10.pfb></home/senghakrou/.TinyTeX/texmf-dist/fonts/type1/public/amsfonts/cm/cmmi6.pfb></home/senghakrou/.TinyTeX/texmf-dist/fonts/type1/public/amsfonts/cm/cmmi8.pfb></home/senghakrou/.TinyTeX/texmf-dist/fonts/type1/public/amsfonts/cm/cmmi9.pfb></home/senghakrou/.TinyTeX/texmf-dist/fonts/type1/public/amsfonts/cm/cmmib10.pfb></home/senghakrou/.TinyTeX/texmf-dist/fonts/type1/public/amsfonts/cm/cmr10.pfb></home/senghakrou/.TinyTeX/texmf-dist/fonts/type1/public/amsfonts/cm/cmr12.pfb></home/senghakrou/.TinyTeX/texmf-dist/fonts/type1/public/amsfonts/cm/cmr17.pfb></home/senghakrou/.TinyTeX/texmf-dist/fonts/type1/public/amsfonts/cm/cmr6.pfb></home/senghakrou/.TinyTeX/texmf-dist/fonts/type1/public/amsfonts/cm/cmr7.pfb></home/senghakrou/.TinyTeX/texmf-dist/fonts/type1/public/amsfonts/cm/cmr8.pfb></home/senghakrou/.TinyTeX/texmf-dist/fonts/type1/public/amsfonts/cm/cmr9.pfb></home/senghakrou/.TinyTeX/texmf-dist/fonts/type1/public/amsfonts/cm/cmsy10.pfb></home/senghakrou/.TinyTeX/texmf-dist/fonts/type1/public/amsfonts/cm/cmsy7.pfb></home/senghakrou/.TinyTeX/texmf-dist/fonts/type1/public/amsfonts/cm/cmsy8.pfb></home/senghakrou/.TinyTeX/texmf-dist/fonts/type1/public/amsfonts/cm/cmsy9.pfb></home/senghakrou/.TinyTeX/texmf-dist/fonts/type1/public/amsfonts/cm/cmti10.pfb></home/senghakrou/.TinyTeX/texmf-dist/fonts/type1/public/amsfonts/cm/cmtt10.pfb></home/senghakrou/.TinyTeX/texmf-dist/fonts/type1/public/amsfonts/cm/cmtt12.pfb></home/senghakrou/.TinyTeX/texmf-dist/fonts/type1/public/amsfonts/cm/cmtt9.pfb></home/senghakrou/.TinyTeX/texmf-dist/fonts/type1/public/amsfonts/symbols/msbm10.pfb></home/senghakrou/.TinyTeX/texmf-dist/fonts/type1/public/cm-super/sfrm1095.pfb>
Output written on boamp_m0_technical_report.pdf (39 pages, 1830535 bytes).
PDF statistics:
 1019 PDF objects out of 1200 (max. 8388607)
 870 compressed objects within 9 object streams
 213 named destinations out of 1000 (max. 500000)
 55498 words of extra memory for PDF output out of 61914 (max. 10000000)

