[fetch] 2015-01 (2015-01-01 .. 2015-01-31)
  saved 0 records -> boamp_201501.json
[fetch] 2015-02 (2015-02-01 .. 2015-02-28)
  saved 0 records -> boamp_201502.json
[fetch] 2015-03 (2015-03-01 .. 2015-03-31)
  saved 707 records -> boamp_201503.json
[fetch] 2015-04 (2015-04-01 .. 2015-04-30)
  saved 714 records -> boamp_201504.json
[fetch] 2015-05 (2015-05-01 .. 2015-05-31)
  saved 568 records -> boamp_201505.json
[fetch] 2015-06 (2015-06-01 .. 2015-06-30)
  saved 719 records -> boamp_201506.json
[fetch] 2015-07 (2015-07-01 .. 2015-07-31)
  saved 772 records -> boamp_201507.json
[fetch] 2015-08 (2015-08-01 .. 2015-08-31)
  saved 352 records -> boamp_201508.json
[fetch] 2015-09 (2015-09-01 .. 2015-09-30)
  saved 603 records -> boamp_201509.json
[fetch] 2015-10 (2015-10-01 .. 2015-10-31)
  saved 629 records -> boamp_201510.json
[fetch] 2015-11 (2015-11-01 .. 2015-11-30)
  saved 530 records -> boamp_201511.json
[fetch] 2015-12 (2015-12-01 .. 2015-12-31)
  saved 550 records -> boamp_201512.json
[fetch] 2016-01 (2016-01-01 .. 2016-01-31)
  saved 520 records -> boamp_201601.json
[fetch] 2016-02 (2016-02-01 .. 2016-02-29)
  saved 555 records -> boamp_201602.json
[fetch] 2016-03 (2016-03-01 .. 2016-03-31)
  saved 749 records -> boamp_201603.json
[fetch] 2016-04 (2016-04-01 .. 2016-04-30)
  saved 412 records -> boamp_201604.json
[fetch] 2016-05 (2016-05-01 .. 2016-05-31)
  saved 685 records -> boamp_201605.json
[fetch] 2016-06 (2016-06-01 .. 2016-06-30)
  saved 691 records -> boamp_201606.json
[fetch] 2016-07 (2016-07-01 .. 2016-07-31)
  saved 730 records -> boamp_201607.json
[fetch] 2016-08 (2016-08-01 .. 2016-08-31)
  saved 356 records -> boamp_201608.json
[fetch] 2016-09 (2016-09-01 .. 2016-09-30)
  saved 565 records -> boamp_201609.json
[fetch] 2016-10 (2016-10-01 .. 2016-10-31)
  saved 609 records -> boamp_201610.json
[fetch] 2016-11 (2016-11-01 .. 2016-11-30)
  saved 521 records -> boamp_201611.json
[fetch] 2016-12 (2016-12-01 .. 2016-12-31)
  saved 589 records -> boamp_201612.json
[fetch] 2017-01 (2017-01-01 .. 2017-01-31)
  saved 607 records -> boamp_201701.json
[fetch] 2017-02 (2017-02-01 .. 2017-02-28)
  saved 546 records -> boamp_201702.json
[fetch] 2017-03 (2017-03-01 .. 2017-03-31)
  saved 676 records -> boamp_201703.json
[fetch] 2017-04 (2017-04-01 .. 2017-04-30)
  saved 636 records -> boamp_201704.json
[fetch] 2017-05 (2017-05-01 .. 2017-05-31)
  saved 642 records -> boamp_201705.json
[fetch] 2017-06 (2017-06-01 .. 2017-06-30)
  saved 677 records -> boamp_201706.json
[fetch] 2017-07 (2017-07-01 .. 2017-07-31)
  saved 674 records -> boamp_201707.json
[fetch] 2017-08 (2017-08-01 .. 2017-08-31)
  saved 423 records -> boamp_201708.json
[fetch] 2017-09 (2017-09-01 .. 2017-09-30)
  saved 537 records -> boamp_201709.json
[fetch] 2017-10 (2017-10-01 .. 2017-10-31)
  saved 672 records -> boamp_201710.json
[fetch] 2017-11 (2017-11-01 .. 2017-11-30)
  saved 549 records -> boamp_201711.json
[fetch] 2017-12 (2017-12-01 .. 2017-12-31)
  saved 537 records -> boamp_201712.json
[fetch] 2018-01 (2018-01-01 .. 2018-01-31)
  saved 583 records -> boamp_201801.json
[fetch] 2018-02 (2018-02-01 .. 2018-02-28)
  saved 620 records -> boamp_201802.json
[fetch] 2018-03 (2018-03-01 .. 2018-03-31)
  saved 672 records -> boamp_201803.json
[fetch] 2018-04 (2018-04-01 .. 2018-04-30)
  saved 639 records -> boamp_201804.json
[fetch] 2018-05 (2018-05-01 .. 2018-05-31)
  saved 543 records -> boamp_201805.json
[fetch] 2018-06 (2018-06-01 .. 2018-06-30)
  saved 690 records -> boamp_201806.json
[fetch] 2018-07 (2018-07-01 .. 2018-07-31)
  saved 650 records -> boamp_201807.json
[fetch] 2018-08 (2018-08-01 .. 2018-08-31)
  saved 436 records -> boamp_201808.json
[fetch] 2018-09 (2018-09-01 .. 2018-09-30)
  saved 567 records -> boamp_201809.json
[fetch] 2018-10 (2018-10-01 .. 2018-10-31)
  saved 670 records -> boamp_201810.json
[fetch] 2018-11 (2018-11-01 .. 2018-11-30)
  saved 576 records -> boamp_201811.json
[fetch] 2018-12 (2018-12-01 .. 2018-12-31)
  saved 530 records -> boamp_201812.json
[fetch] 2019-01 (2019-01-01 .. 2019-01-31)
  saved 641 records -> boamp_201901.json
[fetch] 2019-02 (2019-02-01 .. 2019-02-28)
  saved 669 records -> boamp_201902.json
[fetch] 2019-03 (2019-03-01 .. 2019-03-31)
  saved 829 records -> boamp_201903.json
[fetch] 2019-04 (2019-04-01 .. 2019-04-30)
  saved 623 records -> boamp_201904.json
[fetch] 2019-05 (2019-05-01 .. 2019-05-31)
  saved 731 records -> boamp_201905.json
[fetch] 2019-06 (2019-06-01 .. 2019-06-30)
  saved 655 records -> boamp_201906.json
[fetch] 2019-07 (2019-07-01 .. 2019-07-31)
  saved 772 records -> boamp_201907.json
[fetch] 2019-08 (2019-08-01 .. 2019-08-31)
  saved 487 records -> boamp_201908.json
[fetch] 2019-09 (2019-09-01 .. 2019-09-30)
  saved 571 records -> boamp_201909.json
[fetch] 2019-10 (2019-10-01 .. 2019-10-31)
  saved 727 records -> boamp_201910.json
[fetch] 2019-11 (2019-11-01 .. 2019-11-30)
  saved 527 records -> boamp_201911.json
[fetch] 2019-12 (2019-12-01 .. 2019-12-31)
  saved 595 records -> boamp_201912.json
[fetch] 2020-01 (2020-01-01 .. 2020-01-31)
  saved 659 records -> boamp_202001.json
[fetch] 2020-02 (2020-02-01 .. 2020-02-29)
  saved 607 records -> boamp_202002.json
[fetch] 2020-03 (2020-03-01 .. 2020-03-31)
  saved 773 records -> boamp_202003.json
[fetch] 2020-04 (2020-04-01 .. 2020-04-30)
  saved 592 records -> boamp_202004.json
[fetch] 2020-05 (2020-05-01 .. 2020-05-31)
  saved 544 records -> boamp_202005.json
[fetch] 2020-06 (2020-06-01 .. 2020-06-30)
  saved 571 records -> boamp_202006.json
[fetch] 2020-07 (2020-07-01 .. 2020-07-31)
  saved 611 records -> boamp_202007.json
[fetch] 2020-08 (2020-08-01 .. 2020-08-31)
  saved 390 records -> boamp_202008.json
[fetch] 2020-09 (2020-09-01 .. 2020-09-30)
  saved 501 records -> boamp_202009.json
[fetch] 2020-10 (2020-10-01 .. 2020-10-31)
  saved 645 records -> boamp_202010.json
[fetch] 2020-11 (2020-11-01 .. 2020-11-30)
  saved 560 records -> boamp_202011.json
[fetch] 2020-12 (2020-12-01 .. 2020-12-31)
  saved 604 records -> boamp_202012.json
[fetch] 2021-01 (2021-01-01 .. 2021-01-31)
  saved 582 records -> boamp_202101.json
[fetch] 2021-02 (2021-02-01 .. 2021-02-28)
  saved 652 records -> boamp_202102.json
[fetch] 2021-03 (2021-03-01 .. 2021-03-31)
  saved 726 records -> boamp_202103.json
[fetch] 2021-04 (2021-04-01 .. 2021-04-30)
  saved 678 records -> boamp_202104.json
[fetch] 2021-05 (2021-05-01 .. 2021-05-31)
  saved 571 records -> boamp_202105.json
[fetch] 2021-06 (2021-06-01 .. 2021-06-30)
  saved 651 records -> boamp_202106.json
[fetch] 2021-07 (2021-07-01 .. 2021-07-31)
  saved 685 records -> boamp_202107.json
[fetch] 2021-08 (2021-08-01 .. 2021-08-31)
  saved 381 records -> boamp_202108.json
[fetch] 2021-09 (2021-09-01 .. 2021-09-30)
  saved 653 records -> boamp_202109.json
[fetch] 2021-10 (2021-10-01 .. 2021-10-31)
  saved 708 records -> boamp_202110.json
[fetch] 2021-11 (2021-11-01 .. 2021-11-30)
  saved 495 records -> boamp_202111.json
[fetch] 2021-12 (2021-12-01 .. 2021-12-31)
  saved 596 records -> boamp_202112.json
[fetch] 2022-01 (2022-01-01 .. 2022-01-31)
  saved 565 records -> boamp_202201.json
[fetch] 2022-02 (2022-02-01 .. 2022-02-28)
  saved 638 records -> boamp_202202.json
[fetch] 2022-03 (2022-03-01 .. 2022-03-31)
  saved 787 records -> boamp_202203.json
[fetch] 2022-04 (2022-04-01 .. 2022-04-30)
  saved 661 records -> boamp_202204.json
[fetch] 2022-05 (2022-05-01 .. 2022-05-31)
  saved 712 records -> boamp_202205.json
[fetch] 2022-06 (2022-06-01 .. 2022-06-30)
  saved 683 records -> boamp_202206.json
[fetch] 2022-07 (2022-07-01 .. 2022-07-31)
  saved 695 records -> boamp_202207.json
[fetch] 2022-08 (2022-08-01 .. 2022-08-31)
  saved 384 records -> boamp_202208.json
[fetch] 2022-09 (2022-09-01 .. 2022-09-30)
  saved 665 records -> boamp_202209.json
[fetch] 2022-10 (2022-10-01 .. 2022-10-31)
  saved 735 records -> boamp_202210.json
[fetch] 2022-11 (2022-11-01 .. 2022-11-30)
  saved 563 records -> boamp_202211.json
[fetch] 2022-12 (2022-12-01 .. 2022-12-31)
  saved 624 records -> boamp_202212.json
[fetch] 2023-01 (2023-01-01 .. 2023-01-31)
  saved 643 records -> boamp_202301.json
[fetch] 2023-02 (2023-02-01 .. 2023-02-28)
  saved 574 records -> boamp_202302.json
[fetch] 2023-03 (2023-03-01 .. 2023-03-31)
  saved 767 records -> boamp_202303.json
[fetch] 2023-04 (2023-04-01 .. 2023-04-30)
  saved 755 records -> boamp_202304.json
[fetch] 2023-05 (2023-05-01 .. 2023-05-31)
  saved 640 records -> boamp_202305.json
[fetch] 2023-06 (2023-06-01 .. 2023-06-30)
  saved 791 records -> boamp_202306.json
[fetch] 2023-07 (2023-07-01 .. 2023-07-31)
  saved 778 records -> boamp_202307.json
[fetch] 2023-08 (2023-08-01 .. 2023-08-31)
  saved 402 records -> boamp_202308.json
[fetch] 2023-09 (2023-09-01 .. 2023-09-30)
  saved 708 records -> boamp_202309.json
[fetch] 2023-10 (2023-10-01 .. 2023-10-31)
  saved 759 records -> boamp_202310.json
[fetch] 2023-11 (2023-11-01 .. 2023-11-30)
  saved 625 records -> boamp_202311.json
[fetch] 2023-12 (2023-12-01 .. 2023-12-31)
  saved 649 records -> boamp_202312.json
[fetch] 2024-01 (2024-01-01 .. 2024-01-31)
  saved 531 records -> boamp_202401.json
[fetch] 2024-02 (2024-02-01 .. 2024-02-29)
  saved 726 records -> boamp_202402.json
[fetch] 2024-03 (2024-03-01 .. 2024-03-31)
  saved 658 records -> boamp_202403.json
[fetch] 2024-04 (2024-04-01 .. 2024-04-30)
  saved 707 records -> boamp_202404.json
[fetch] 2024-05 (2024-05-01 .. 2024-05-31)
  saved 604 records -> boamp_202405.json
[fetch] 2024-06 (2024-06-01 .. 2024-06-30)
  saved 745 records -> boamp_202406.json
[fetch] 2024-07 (2024-07-01 .. 2024-07-31)
  saved 713 records -> boamp_202407.json
[fetch] 2024-08 (2024-08-01 .. 2024-08-31)
  saved 394 records -> boamp_202408.json
[fetch] 2024-09 (2024-09-01 .. 2024-09-30)
  saved 587 records -> boamp_202409.json
[fetch] 2024-10 (2024-10-01 .. 2024-10-31)
  saved 692 records -> boamp_202410.json
[fetch] 2024-11 (2024-11-01 .. 2024-11-30)
  saved 563 records -> boamp_202411.json
[fetch] 2024-12 (2024-12-01 .. 2024-12-31)
  saved 627 records -> boamp_202412.json
[fetch] 2025-01 (2025-01-01 .. 2025-01-31)
  saved 706 records -> boamp_202501.json
[fetch] 2025-02 (2025-02-01 .. 2025-02-28)
  saved 627 records -> boamp_202502.json
[fetch] 2025-03 (2025-03-01 .. 2025-03-31)
  saved 728 records -> boamp_202503.json
[fetch] 2025-04 (2025-04-01 .. 2025-04-30)
  saved 725 records -> boamp_202504.json
[fetch] 2025-05 (2025-05-01 .. 2025-05-31)
  saved 693 records -> boamp_202505.json
[fetch] 2025-06 (2025-06-01 .. 2025-06-30)
  saved 643 records -> boamp_202506.json
[fetch] 2025-07 (2025-07-01 .. 2025-07-31)
  saved 720 records -> boamp_202507.json
[fetch] 2025-08 (2025-08-01 .. 2025-08-31)
  saved 409 records -> boamp_202508.json
[fetch] 2025-09 (2025-09-01 .. 2025-09-30)
  saved 643 records -> boamp_202509.json
[fetch] 2025-10 (2025-10-01 .. 2025-10-31)
  saved 698 records -> boamp_202510.json
[fetch] 2025-11 (2025-11-01 .. 2025-11-30)
  saved 610 records -> boamp_202511.json
[fetch] 2025-12 (2025-12-01 .. 2025-12-31)
  saved 608 records -> boamp_202512.json
[fetch] 2026-01 (2026-01-01 .. 2026-01-31)
  saved 580 records -> boamp_202601.json
[fetch] 2026-02 (2026-02-01 .. 2026-02-28)
  saved 497 records -> boamp_202602.json
[fetch] 2026-03 (2026-03-01 .. 2026-03-31)
  saved 654 records -> boamp_202603.json
[fetch] 2026-04 (2026-04-01 .. 2026-04-30)
  saved 562 records -> boamp_202604.json
[fetch] 2026-05 (2026-05-01 .. 2026-05-31)
  saved 503 records -> boamp_202605.json
[fetch] 2026-06 (2026-06-01 .. 2026-06-30)
  saved 608 records -> boamp_202606.json
[fetch] 2026-07 (2026-07-01 .. 2026-07-13)
  saved 319 records -> boamp_202607.json

Wrote metadata -> /home/senghakrou/survival-analysis/data/raw/boamp/pdl/download_metadata.json
Wrote summary -> /home/senghakrou/survival-analysis/reports/tables/boamp_download_summary.csv

=== Download complete ===
Raw files: 139
Raw notices (with cross-month dupes): 84623
Retained unique notices: 84623
Failed months: 0
