Found 31 raw files
[1/31] parsing boamp_202401.json ...
  -> 8728 new rows (running total 8728, dupes skipped so far 0)
[2/31] parsing boamp_202402.json ...
  -> 12094 new rows (running total 20822, dupes skipped so far 0)
[3/31] parsing boamp_202403.json ...
  -> 12258 new rows (running total 33080, dupes skipped so far 0)
[4/31] parsing boamp_202404.json ...
  -> 12711 new rows (running total 45791, dupes skipped so far 0)
[5/31] parsing boamp_202405.json ...
  -> 11226 new rows (running total 57017, dupes skipped so far 0)
[6/31] parsing boamp_202406.json ...
  -> 12435 new rows (running total 69452, dupes skipped so far 0)
[7/31] parsing boamp_202407.json ...
  -> 13428 new rows (running total 82880, dupes skipped so far 0)
[8/31] parsing boamp_202408.json ...
  -> 8840 new rows (running total 91720, dupes skipped so far 0)
[9/31] parsing boamp_202409.json ...
  -> 10896 new rows (running total 102616, dupes skipped so far 0)
[10/31] parsing boamp_202410.json ...
  -> 13491 new rows (running total 116107, dupes skipped so far 0)
[11/31] parsing boamp_202411.json ...
  -> 9810 new rows (running total 125917, dupes skipped so far 0)
[12/31] parsing boamp_202412.json ...
  -> 10708 new rows (running total 136625, dupes skipped so far 0)
[13/31] parsing boamp_202501.json ...
  -> 11648 new rows (running total 148273, dupes skipped so far 0)
[14/31] parsing boamp_202502.json ...
  -> 11209 new rows (running total 159482, dupes skipped so far 0)
[15/31] parsing boamp_202503.json ...
  -> 12181 new rows (running total 171663, dupes skipped so far 0)
[16/31] parsing boamp_202504.json ...
  -> 13043 new rows (running total 184706, dupes skipped so far 0)
[17/31] parsing boamp_202505.json ...
  -> 11237 new rows (running total 195943, dupes skipped so far 0)
[18/31] parsing boamp_202506.json ...
  -> 11561 new rows (running total 207504, dupes skipped so far 0)
[19/31] parsing boamp_202507.json ...
  -> 13536 new rows (running total 221040, dupes skipped so far 0)
[20/31] parsing boamp_202508.json ...
  -> 8807 new rows (running total 229847, dupes skipped so far 0)
[21/31] parsing boamp_202509.json ...
  -> 10860 new rows (running total 240707, dupes skipped so far 0)
[22/31] parsing boamp_202510.json ...
  -> 12628 new rows (running total 253335, dupes skipped so far 0)
[23/31] parsing boamp_202511.json ...
  -> 9900 new rows (running total 263235, dupes skipped so far 0)
[24/31] parsing boamp_202512.json ...
  -> 10813 new rows (running total 274048, dupes skipped so far 0)
[25/31] parsing boamp_202601.json ...
  -> 10402 new rows (running total 284450, dupes skipped so far 0)
[26/31] parsing boamp_202602.json ...
  -> 9210 new rows (running total 293660, dupes skipped so far 0)
[27/31] parsing boamp_202603.json ...
  -> 11623 new rows (running total 305283, dupes skipped so far 0)
[28/31] parsing boamp_202604.json ...
  -> 10685 new rows (running total 315968, dupes skipped so far 0)
[29/31] parsing boamp_202605.json ...
  -> 8927 new rows (running total 324895, dupes skipped so far 0)
[30/31] parsing boamp_202606.json ...
  -> 10761 new rows (running total 335656, dupes skipped so far 0)
[31/31] parsing boamp_202607.json ...
  -> 5116 new rows (running total 340772, dupes skipped so far 0)

Wrote 340772 rows -> /home/senghakrou/survival-analysis/data/interim/boamp_raw_flattened.csv
Wrote observed-columns report -> /home/senghakrou/survival-analysis/reports/tables/boamp_observed_columns.csv

=== Parse complete ===
Total unique rows: 340772
Duplicate rows skipped: 0
Date range (dateparution): 2024-01-01 .. 2026-07-13
nature
APPEL_OFFRE           234871
ATTRIBUTION            89752
RECTIFICATIF           14021
PRE-INFORMATION         1038
ANNULATION               451
EX_ANTE_VOLONTAIRE       299
MODIFICATION             240
PERIODIQUE                75
QUALIFICATION             11
Name: count, dtype: int64
schema_family
EFORMS    186913
LEGACY    153859
Name: count, dtype: int64
