Found 139 raw files
[1/139] parsing boamp_201501.json ...
  -> 0 rows (empty file), skipping
[2/139] parsing boamp_201502.json ...
  -> 0 rows (empty file), skipping
[3/139] parsing boamp_201503.json ...
  -> 707 new rows (running total 707, dupes skipped so far 0)
[4/139] parsing boamp_201504.json ...
  -> 714 new rows (running total 1421, dupes skipped so far 0)
[5/139] parsing boamp_201505.json ...
  -> 568 new rows (running total 1989, dupes skipped so far 0)
[6/139] parsing boamp_201506.json ...
  -> 719 new rows (running total 2708, dupes skipped so far 0)
[7/139] parsing boamp_201507.json ...
  -> 772 new rows (running total 3480, dupes skipped so far 0)
[8/139] parsing boamp_201508.json ...
  -> 352 new rows (running total 3832, dupes skipped so far 0)
[9/139] parsing boamp_201509.json ...
  -> 603 new rows (running total 4435, dupes skipped so far 0)
[10/139] parsing boamp_201510.json ...
  -> 629 new rows (running total 5064, dupes skipped so far 0)
[11/139] parsing boamp_201511.json ...
  -> 530 new rows (running total 5594, dupes skipped so far 0)
[12/139] parsing boamp_201512.json ...
  -> 550 new rows (running total 6144, dupes skipped so far 0)
[13/139] parsing boamp_201601.json ...
  -> 520 new rows (running total 6664, dupes skipped so far 0)
[14/139] parsing boamp_201602.json ...
  -> 555 new rows (running total 7219, dupes skipped so far 0)
[15/139] parsing boamp_201603.json ...
  -> 749 new rows (running total 7968, dupes skipped so far 0)
[16/139] parsing boamp_201604.json ...
  -> 412 new rows (running total 8380, dupes skipped so far 0)
[17/139] parsing boamp_201605.json ...
  -> 685 new rows (running total 9065, dupes skipped so far 0)
[18/139] parsing boamp_201606.json ...
  -> 691 new rows (running total 9756, dupes skipped so far 0)
[19/139] parsing boamp_201607.json ...
  -> 730 new rows (running total 10486, dupes skipped so far 0)
[20/139] parsing boamp_201608.json ...
  -> 356 new rows (running total 10842, dupes skipped so far 0)
[21/139] parsing boamp_201609.json ...
  -> 565 new rows (running total 11407, dupes skipped so far 0)
[22/139] parsing boamp_201610.json ...
  -> 609 new rows (running total 12016, dupes skipped so far 0)
[23/139] parsing boamp_201611.json ...
  -> 521 new rows (running total 12537, dupes skipped so far 0)
[24/139] parsing boamp_201612.json ...
  -> 589 new rows (running total 13126, dupes skipped so far 0)
[25/139] parsing boamp_201701.json ...
  -> 607 new rows (running total 13733, dupes skipped so far 0)
[26/139] parsing boamp_201702.json ...
  -> 546 new rows (running total 14279, dupes skipped so far 0)
[27/139] parsing boamp_201703.json ...
  -> 676 new rows (running total 14955, dupes skipped so far 0)
[28/139] parsing boamp_201704.json ...
  -> 636 new rows (running total 15591, dupes skipped so far 0)
[29/139] parsing boamp_201705.json ...
  -> 642 new rows (running total 16233, dupes skipped so far 0)
[30/139] parsing boamp_201706.json ...
  -> 677 new rows (running total 16910, dupes skipped so far 0)
[31/139] parsing boamp_201707.json ...
  -> 674 new rows (running total 17584, dupes skipped so far 0)
[32/139] parsing boamp_201708.json ...
  -> 423 new rows (running total 18007, dupes skipped so far 0)
[33/139] parsing boamp_201709.json ...
  -> 537 new rows (running total 18544, dupes skipped so far 0)
[34/139] parsing boamp_201710.json ...
  -> 672 new rows (running total 19216, dupes skipped so far 0)
[35/139] parsing boamp_201711.json ...
  -> 549 new rows (running total 19765, dupes skipped so far 0)
[36/139] parsing boamp_201712.json ...
  -> 537 new rows (running total 20302, dupes skipped so far 0)
[37/139] parsing boamp_201801.json ...
  -> 583 new rows (running total 20885, dupes skipped so far 0)
[38/139] parsing boamp_201802.json ...
  -> 620 new rows (running total 21505, dupes skipped so far 0)
[39/139] parsing boamp_201803.json ...
  -> 672 new rows (running total 22177, dupes skipped so far 0)
[40/139] parsing boamp_201804.json ...
  -> 639 new rows (running total 22816, dupes skipped so far 0)
[41/139] parsing boamp_201805.json ...
  -> 543 new rows (running total 23359, dupes skipped so far 0)
[42/139] parsing boamp_201806.json ...
  -> 690 new rows (running total 24049, dupes skipped so far 0)
[43/139] parsing boamp_201807.json ...
  -> 650 new rows (running total 24699, dupes skipped so far 0)
[44/139] parsing boamp_201808.json ...
  -> 436 new rows (running total 25135, dupes skipped so far 0)
[45/139] parsing boamp_201809.json ...
  -> 567 new rows (running total 25702, dupes skipped so far 0)
[46/139] parsing boamp_201810.json ...
  -> 670 new rows (running total 26372, dupes skipped so far 0)
[47/139] parsing boamp_201811.json ...
  -> 576 new rows (running total 26948, dupes skipped so far 0)
[48/139] parsing boamp_201812.json ...
  -> 530 new rows (running total 27478, dupes skipped so far 0)
[49/139] parsing boamp_201901.json ...
  -> 641 new rows (running total 28119, dupes skipped so far 0)
[50/139] parsing boamp_201902.json ...
  -> 669 new rows (running total 28788, dupes skipped so far 0)
[51/139] parsing boamp_201903.json ...
  -> 829 new rows (running total 29617, dupes skipped so far 0)
[52/139] parsing boamp_201904.json ...
  -> 623 new rows (running total 30240, dupes skipped so far 0)
[53/139] parsing boamp_201905.json ...
  -> 731 new rows (running total 30971, dupes skipped so far 0)
[54/139] parsing boamp_201906.json ...
  -> 655 new rows (running total 31626, dupes skipped so far 0)
[55/139] parsing boamp_201907.json ...
  -> 772 new rows (running total 32398, dupes skipped so far 0)
[56/139] parsing boamp_201908.json ...
  -> 487 new rows (running total 32885, dupes skipped so far 0)
[57/139] parsing boamp_201909.json ...
  -> 571 new rows (running total 33456, dupes skipped so far 0)
[58/139] parsing boamp_201910.json ...
  -> 727 new rows (running total 34183, dupes skipped so far 0)
[59/139] parsing boamp_201911.json ...
  -> 527 new rows (running total 34710, dupes skipped so far 0)
[60/139] parsing boamp_201912.json ...
  -> 595 new rows (running total 35305, dupes skipped so far 0)
[61/139] parsing boamp_202001.json ...
  -> 659 new rows (running total 35964, dupes skipped so far 0)
[62/139] parsing boamp_202002.json ...
  -> 607 new rows (running total 36571, dupes skipped so far 0)
[63/139] parsing boamp_202003.json ...
  -> 773 new rows (running total 37344, dupes skipped so far 0)
[64/139] parsing boamp_202004.json ...
  -> 592 new rows (running total 37936, dupes skipped so far 0)
[65/139] parsing boamp_202005.json ...
  -> 544 new rows (running total 38480, dupes skipped so far 0)
[66/139] parsing boamp_202006.json ...
  -> 571 new rows (running total 39051, dupes skipped so far 0)
[67/139] parsing boamp_202007.json ...
  -> 611 new rows (running total 39662, dupes skipped so far 0)
[68/139] parsing boamp_202008.json ...
  -> 390 new rows (running total 40052, dupes skipped so far 0)
[69/139] parsing boamp_202009.json ...
  -> 501 new rows (running total 40553, dupes skipped so far 0)
[70/139] parsing boamp_202010.json ...
  -> 645 new rows (running total 41198, dupes skipped so far 0)
[71/139] parsing boamp_202011.json ...
  -> 560 new rows (running total 41758, dupes skipped so far 0)
[72/139] parsing boamp_202012.json ...
  -> 604 new rows (running total 42362, dupes skipped so far 0)
[73/139] parsing boamp_202101.json ...
  -> 582 new rows (running total 42944, dupes skipped so far 0)
[74/139] parsing boamp_202102.json ...
  -> 652 new rows (running total 43596, dupes skipped so far 0)
[75/139] parsing boamp_202103.json ...
  -> 726 new rows (running total 44322, dupes skipped so far 0)
[76/139] parsing boamp_202104.json ...
  -> 678 new rows (running total 45000, dupes skipped so far 0)
[77/139] parsing boamp_202105.json ...
  -> 571 new rows (running total 45571, dupes skipped so far 0)
[78/139] parsing boamp_202106.json ...
  -> 651 new rows (running total 46222, dupes skipped so far 0)
[79/139] parsing boamp_202107.json ...
  -> 685 new rows (running total 46907, dupes skipped so far 0)
[80/139] parsing boamp_202108.json ...
  -> 381 new rows (running total 47288, dupes skipped so far 0)
[81/139] parsing boamp_202109.json ...
  -> 653 new rows (running total 47941, dupes skipped so far 0)
[82/139] parsing boamp_202110.json ...
  -> 708 new rows (running total 48649, dupes skipped so far 0)
[83/139] parsing boamp_202111.json ...
  -> 495 new rows (running total 49144, dupes skipped so far 0)
[84/139] parsing boamp_202112.json ...
  -> 596 new rows (running total 49740, dupes skipped so far 0)
[85/139] parsing boamp_202201.json ...
  -> 565 new rows (running total 50305, dupes skipped so far 0)
[86/139] parsing boamp_202202.json ...
  -> 638 new rows (running total 50943, dupes skipped so far 0)
[87/139] parsing boamp_202203.json ...
  -> 787 new rows (running total 51730, dupes skipped so far 0)
[88/139] parsing boamp_202204.json ...
  -> 661 new rows (running total 52391, dupes skipped so far 0)
[89/139] parsing boamp_202205.json ...
  -> 712 new rows (running total 53103, dupes skipped so far 0)
[90/139] parsing boamp_202206.json ...
  -> 683 new rows (running total 53786, dupes skipped so far 0)
[91/139] parsing boamp_202207.json ...
  -> 695 new rows (running total 54481, dupes skipped so far 0)
[92/139] parsing boamp_202208.json ...
  -> 384 new rows (running total 54865, dupes skipped so far 0)
[93/139] parsing boamp_202209.json ...
  -> 665 new rows (running total 55530, dupes skipped so far 0)
[94/139] parsing boamp_202210.json ...
  -> 735 new rows (running total 56265, dupes skipped so far 0)
[95/139] parsing boamp_202211.json ...
  -> 563 new rows (running total 56828, dupes skipped so far 0)
[96/139] parsing boamp_202212.json ...
  -> 624 new rows (running total 57452, dupes skipped so far 0)
[97/139] parsing boamp_202301.json ...
  -> 643 new rows (running total 58095, dupes skipped so far 0)
[98/139] parsing boamp_202302.json ...
  -> 574 new rows (running total 58669, dupes skipped so far 0)
[99/139] parsing boamp_202303.json ...
  -> 767 new rows (running total 59436, dupes skipped so far 0)
[100/139] parsing boamp_202304.json ...
  -> 755 new rows (running total 60191, dupes skipped so far 0)
[101/139] parsing boamp_202305.json ...
  -> 640 new rows (running total 60831, dupes skipped so far 0)
[102/139] parsing boamp_202306.json ...
  -> 791 new rows (running total 61622, dupes skipped so far 0)
[103/139] parsing boamp_202307.json ...
  -> 778 new rows (running total 62400, dupes skipped so far 0)
[104/139] parsing boamp_202308.json ...
  -> 402 new rows (running total 62802, dupes skipped so far 0)
[105/139] parsing boamp_202309.json ...
  -> 708 new rows (running total 63510, dupes skipped so far 0)
[106/139] parsing boamp_202310.json ...
  -> 759 new rows (running total 64269, dupes skipped so far 0)
[107/139] parsing boamp_202311.json ...
  -> 625 new rows (running total 64894, dupes skipped so far 0)
[108/139] parsing boamp_202312.json ...
  -> 649 new rows (running total 65543, dupes skipped so far 0)
[109/139] parsing boamp_202401.json ...
  -> 531 new rows (running total 66074, dupes skipped so far 0)
[110/139] parsing boamp_202402.json ...
  -> 726 new rows (running total 66800, dupes skipped so far 0)
[111/139] parsing boamp_202403.json ...
  -> 658 new rows (running total 67458, dupes skipped so far 0)
[112/139] parsing boamp_202404.json ...
  -> 707 new rows (running total 68165, dupes skipped so far 0)
[113/139] parsing boamp_202405.json ...
  -> 604 new rows (running total 68769, dupes skipped so far 0)
[114/139] parsing boamp_202406.json ...
  -> 745 new rows (running total 69514, dupes skipped so far 0)
[115/139] parsing boamp_202407.json ...
  -> 713 new rows (running total 70227, dupes skipped so far 0)
[116/139] parsing boamp_202408.json ...
  -> 394 new rows (running total 70621, dupes skipped so far 0)
[117/139] parsing boamp_202409.json ...
  -> 587 new rows (running total 71208, dupes skipped so far 0)
[118/139] parsing boamp_202410.json ...
  -> 692 new rows (running total 71900, dupes skipped so far 0)
[119/139] parsing boamp_202411.json ...
  -> 563 new rows (running total 72463, dupes skipped so far 0)
[120/139] parsing boamp_202412.json ...
  -> 627 new rows (running total 73090, dupes skipped so far 0)
[121/139] parsing boamp_202501.json ...
  -> 706 new rows (running total 73796, dupes skipped so far 0)
[122/139] parsing boamp_202502.json ...
  -> 627 new rows (running total 74423, dupes skipped so far 0)
[123/139] parsing boamp_202503.json ...
  -> 728 new rows (running total 75151, dupes skipped so far 0)
[124/139] parsing boamp_202504.json ...
  -> 725 new rows (running total 75876, dupes skipped so far 0)
[125/139] parsing boamp_202505.json ...
  -> 693 new rows (running total 76569, dupes skipped so far 0)
[126/139] parsing boamp_202506.json ...
  -> 643 new rows (running total 77212, dupes skipped so far 0)
[127/139] parsing boamp_202507.json ...
  -> 720 new rows (running total 77932, dupes skipped so far 0)
[128/139] parsing boamp_202508.json ...
  -> 409 new rows (running total 78341, dupes skipped so far 0)
[129/139] parsing boamp_202509.json ...
  -> 643 new rows (running total 78984, dupes skipped so far 0)
[130/139] parsing boamp_202510.json ...
  -> 698 new rows (running total 79682, dupes skipped so far 0)
[131/139] parsing boamp_202511.json ...
  -> 610 new rows (running total 80292, dupes skipped so far 0)
[132/139] parsing boamp_202512.json ...
  -> 608 new rows (running total 80900, dupes skipped so far 0)
[133/139] parsing boamp_202601.json ...
  -> 580 new rows (running total 81480, dupes skipped so far 0)
[134/139] parsing boamp_202602.json ...
  -> 497 new rows (running total 81977, dupes skipped so far 0)
[135/139] parsing boamp_202603.json ...
  -> 654 new rows (running total 82631, dupes skipped so far 0)
[136/139] parsing boamp_202604.json ...
  -> 562 new rows (running total 83193, dupes skipped so far 0)
[137/139] parsing boamp_202605.json ...
  -> 503 new rows (running total 83696, dupes skipped so far 0)
[138/139] parsing boamp_202606.json ...
  -> 608 new rows (running total 84304, dupes skipped so far 0)
[139/139] parsing boamp_202607.json ...
  -> 319 new rows (running total 84623, dupes skipped so far 0)

Wrote 84623 rows -> /home/senghakrou/survival-analysis/data/interim/boamp_raw_flattened.csv
Wrote observed-columns report -> /home/senghakrou/survival-analysis/reports/tables/boamp_observed_columns.csv

=== Parse complete ===
Total unique rows: 84623
Duplicate rows skipped: 0
Date range (dateparution): 2015-03-02 .. 2026-07-13
nature
APPEL_OFFRE           58292
ATTRIBUTION           22560
RECTIFICATIF           3419
PRE-INFORMATION         146
INTENTION_CONCLURE      108
MODIFICATION             58
ANNULATION               22
EX_ANTE_VOLONTAIRE        9
PERIODIQUE                6
AUTRE                     3
Name: count, dtype: int64
schema_family
LEGACY    73941
EFORMS    10682
Name: count, dtype: int64
